I/ActivityManager( 1551): Config changes=538 {1.0 ?mcc?mnc en_US ldltr sw384dp w384dp h567dp 320dpi nrml port ?uimode ?night finger qwerty/v/v -nav/h s.3}
I/SystemServer( 1551): Mount Service
D/MountService( 1551): got storage path: /storage/sdcard description: USB storage primary: true removable: false emulated: false mtpReserve: 0 allowMassStorage: false maxFileSize: 0
D/MountService( 1551): addVolumeLocked() StorageVolume:
D/MountService( 1551):     mStorageId=0 mPath=/storage/sdcard mDescriptionId=17040664 mPrimary=true 
D/MountService( 1551):     mRemovable=false mEmulated=false mMtpReserveSpace=0 
D/MountService( 1551):     mAllowMassStorage=false mMaxFileSize=0 mOwner=null mUuid=null 
D/MountService( 1551):     mUserLabel=null mState=null 
I/SystemServer( 1551): LockSettingsService
I/SystemServer( 1551): Device Policy
I/SystemServer( 1551): Status Bar
I/SystemServer( 1551): Clipboard Service
I/SystemServer( 1551): NetworkManagement Service
I/PackageManager( 1551): No secure containers on sdcard
I/SystemServer( 1551): Text Service Manager Service
I/SystemServer( 1551): NetworkStats Service
D/MountService( 1551): volume state changed for /storage/sdcard (unmounted -> removed)
W/MountService( 1551): getSecureContainerList() called when storage not mounted
I/SystemServer( 1551): NetworkPolicy Service
W/PackageManager( 1551): Not granting permission android.permission.GLOBAL_SEARCH to package com.android.quicksearchbox (protectionLevel=18 flags=0x8be45)
W/PackageManager( 1551): Unknown permission com.android.smspush.WAPPUSH_MANAGER_BIND in package com.android.phone
W/PackageManager( 1551): Unknown permission com.google.android.googleapps.permission.GOOGLE_AUTH in package com.android.providers.calendar
W/PackageManager( 1551): Unknown permission com.google.android.googleapps.permission.GOOGLE_AUTH.cl in package com.android.providers.calendar
W/PackageManager( 1551): Unknown permission com.google.android.googleapps.permission.GOOGLE_AUTH.mail in package com.android.calendar
W/PackageManager( 1551): Not granting permission android.permission.ACCESS_DOWNLOAD_MANAGER to package com.android.browser (protectionLevel=18 flags=0x9be45)
W/PackageManager( 1551): Not granting permission android.permission.SEND_DOWNLOAD_COMPLETED_INTENTS to package com.android.browser (protectionLevel=2 flags=0x9be45)
W/PackageManager( 1551): Not granting permission android.permission.BIND_APPWIDGET to package com.android.widgetpreview (protectionLevel=18 flags=0x8be44)
W/PackageManager( 1551): Unknown permission android.permission.INSTALL_DRM in package com.android.mms
W/PackageManager( 1551): Unknown permission com.google.android.googleapps.permission.GOOGLE_AUTH in package com.android.settings
W/PackageManager( 1551): Unknown permission com.google.android.googleapps.permission.ACCESS_GOOGLE_PASSWORD in package com.android.development
W/PackageManager( 1551): Unknown permission com.google.android.googleapps.permission.GOOGLE_AUTH in package com.android.development
W/PackageManager( 1551): Unknown permission com.google.android.googleapps.permission.GOOGLE_AUTH.ALL_SERVICES in package com.android.development
W/PackageManager( 1551): Unknown permission com.google.android.googleapps.permission.GOOGLE_AUTH.YouTubeUser in package com.android.development
W/PackageManager( 1551): Not granting permission android.permission.DELETE_PACKAGES to package com.svox.pico (protectionLevel=18 flags=0x8be45)
W/PackageManager( 1551): Not granting permission android.permission.DEVICE_POWER to package com.android.deskclock (protectionLevel=2 flags=0x48be45)
I/SystemServer( 1551): Wi-Fi P2pService
I/SystemServer( 1551): Wi-Fi Service
I/SystemServer( 1551): Connectivity Service
D/ConnectivityService( 1551): ConnectivityService starting up
D/ConnectivityService( 1551): wifiOnly=false
E/MobileDataStateTracker( 1551): default: Ignoring feature request because could not acquire PhoneService
E/MobileDataStateTracker( 1551): default: Could not enable APN type "default"
D/dalvikvm( 1551): GC_FOR_ALLOC freed 331K, 9% free 4703K/5148K, paused 22ms, total 22ms
I/WifiService( 1551): WifiService starting up with Wi-Fi disabled
I/SystemServer( 1551): Network Service Discovery Service
D/NsdService( 1551): Network service discovery enabled true
I/SystemServer( 1551): UpdateLock Service
I/SystemServer( 1551): Notification Manager
I/SystemServer( 1551): Device Storage Monitor
I/SystemServer( 1551): Location Manager
I/SystemServer( 1551): Country Detector
I/SystemServer( 1551): Search Service
I/SystemServer( 1551): DropBox Service
I/SystemServer( 1551): Wallpaper Service
I/SystemServer( 1551): Audio Service
I/MediaFocusControl( 1551):   Remote Control   registerMediaButtonIntent() for PendingIntent{b115c798: PendingIntentRecord{b1272750 android broadcastIntent}}
I/SystemServer( 1551): Dock Observer
W/DockObserver( 1551): This kernel does not have dock station support
I/SystemServer( 1551): Wired Accessory Manager
W/WiredAccessoryManager( 1551): This kernel does not have wired headset support
W/WiredAccessoryManager( 1551): This kernel does not have usb audio support
W/WiredAccessoryManager( 1551): This kernel does not have HDMI audio support
I/SystemServer( 1551): USB Service
I/SystemServer( 1551): Serial Service
I/SystemServer( 1551): Twilight Service
D/dalvikvm( 1551): GC_FOR_ALLOC freed 276K, 8% free 4934K/5328K, paused 3ms, total 3ms
I/SystemServer( 1551): UI Mode Manager Service
I/SystemServer( 1551): Backup Service
V/BackupManagerService( 1551): Initializing package tracking
V/BackupManagerService( 1551): addPackageParticipantsLocked: all
I/BackupManagerService( 1551): Scheduling backup for new app com.android.calendar
D/BackupManagerService( 1551): Now staging backup of com.android.calendar
I/BackupManagerService( 1551): Scheduling backup for new app com.android.browser
D/BackupManagerService( 1551): Now staging backup of com.android.browser
I/BackupManagerService( 1551): Scheduling backup for new app com.android.providers.userdictionary
D/BackupManagerService( 1551): Now staging backup of com.android.providers.userdictionary
I/BackupManagerService( 1551): Scheduling backup for new app com.android.sharedstoragebackup
D/BackupManagerService( 1551): Now staging backup of com.android.sharedstoragebackup
I/BackupManagerService( 1551): Scheduling backup for new app android
D/BackupManagerService( 1551): Now staging backup of android
I/BackupManagerService( 1551): Scheduling backup for new app com.android.dialer
D/BackupManagerService( 1551): Now staging backup of com.android.dialer
I/BackupManagerService( 1551): Scheduling backup for new app com.android.providers.settings
D/BackupManagerService( 1551): Now staging backup of com.android.providers.settings
V/BackupManagerService( 1551): Starting with transport android/com.android.internal.backup.LocalTransport
V/BackupManagerService( 1551): Found transports: 1
I/BackupManagerService( 1551): Binding to transport host ComponentInfo{android/com.android.internal.backup.LocalTransportService}
I/BackupManagerService( 1551): Backup enabled => true
I/SystemServer( 1551): AppWidget Service
I/SystemServer( 1551): Recognition Service
I/SystemServer( 1551): DiskStats Service
I/SystemServer( 1551): SamplingProfiler Service
I/SystemServer( 1551): NetworkTimeUpdateService
I/WindowManager( 1551): SAFE MODE not enabled
D/dalvikvm( 1551): JIT started for system_server
I/SystemServer( 1551): CommonTimeManagementService
I/SystemServer( 1551): CertBlacklister
I/SystemServer( 1551): Dreams Service
I/SystemServer( 1551): Assets Atlas Service
I/SystemServer( 1551): IdleMaintenanceService
I/SystemServer( 1551): Print Service
I/SystemServer( 1551): Media Router Service
D/Atlas   ( 1551): Loaded configuration: SliceMinArea (768x768) flags=0x2 count=24
D/gralloc_ranchu( 1551): Emulator without host-side GPU emulation detected.
W/AssetAtlasService( 1551): Could not find EGL configuration
D/Atlas   ( 1551): Rendered atlas in 0.63ms (0.55+0.08ms)
I/Zygote  ( 1551): Process: zygote socket opened
I/ActivityManager( 1551): Start proc com.android.systemui for service com.android.keyguard/.KeyguardService: pid=1603 uid=10007 gids={50007, 1028, 1015, 1035, 3002, 3001}
V/KeyguardServiceDelegate( 1551): *** Keyguard started
V/KeyguardServiceDelegate( 1551): onSystemReady() called before keyguard service was ready
I/ActivityManager( 1551): System now ready
I/SystemServer( 1551): Making services ready
D/NetworkManagementService( 1551): not enabling bandwidth control
W/NetworkStats( 1551): bandwidth controls disabled, unable to track stats
W/NetworkPolicy( 1551): bandwidth controls disabled, unable to enforce policy
E/SoundPool( 1603): error loading /system/media/audio/ui/Lock.ogg
W/KeyguardViewMediator( 1603): failed to load lock sound from /system/media/audio/ui/Lock.ogg
E/SoundPool( 1603): error loading /system/media/audio/ui/Unlock.ogg
W/KeyguardViewMediator( 1603): failed to load unlock sound from /system/media/audio/ui/Unlock.ogg
V/KeyguardService( 1603): onCreate()
D/dalvikvm( 1551): GC_FOR_ALLOC freed 313K, 8% free 5135K/5568K, paused 4ms, total 4ms
I/ActivityManager( 1551): Config changes=200 {1.0 ?mcc?mnc en_US ldltr sw384dp w384dp h567dp 320dpi nrml port finger qwerty/v/v -nav/h s.4}
D/SystemUIService( 1603): loading: class com.android.systemui.recent.Recents
D/SystemUIService( 1603): running: com.android.systemui.recent.Recents@b1082f30
D/SystemUIService( 1603): loading: class com.android.systemui.statusbar.SystemBars
D/SystemUIService( 1603): running: com.android.systemui.statusbar.SystemBars@b10834d0
D/SystemUIService( 1603): loading: class com.android.systemui.usb.StorageNotification
D/SystemUIService( 1603): running: com.android.systemui.usb.StorageNotification@b1085118
D/SystemUIService( 1603): loading: class com.android.systemui.power.PowerUI
D/SystemUIService( 1603): running: com.android.systemui.power.PowerUI@b10866d0
D/SystemUIService( 1603): loading: class com.android.systemui.media.RingtonePlayer
D/SystemUIService( 1603): running: com.android.systemui.media.RingtonePlayer@b1087340
D/SystemUIService( 1603): loading: class com.android.systemui.settings.SettingsUI
D/SystemUIService( 1603): running: com.android.systemui.settings.SettingsUI@b10885a8
W/RecognitionManagerService( 1551): no available voice recognition services found for user 0
D/dalvikvm( 1603): GC_CONCURRENT freed 300K, 13% free 2904K/3312K, paused 5ms+0ms, total 6ms
D/PhoneStatusBar( 1603): mSettingsPanelGravity = 55
I/StatusBarManagerService( 1551): registerStatusBar bar=com.android.internal.statusbar.IStatusBar$Stub$Proxy@b11aa088
W/InputMethodManagerService( 1551): Ignoring setImeWindowStatus of uid 1000 token: null
I/ActivityManager( 1551): Start proc com.android.inputmethod.latin for service com.android.inputmethod.latin/.LatinIME: pid=1637 uid=10029 gids={50029, 1028, 1015}
V/InputMethodManagerService( 1551): Adding window token: android.os.Binder@b12b6b70
W/GpsLocationProvider( 1551): Could not open GPS configuration file /etc/gps.conf
W/ServiceWatcher( 1551): com.google.android.location not found
W/ServiceWatcher( 1551): com.google.android.location not found
W/ServiceWatcher( 1551): com.google.android.location not found
W/LocationManagerService( 1551): no network location provider found
W/ServiceWatcher( 1551): com.google.android.location not found
E/FlpHardwareProvider( 1551): Error hw_get_module 'flp': -2
W/ServiceWatcher( 1551): com.google.android.location not found
E/FlpHardwareProvider( 1551): Error hw_get_module 'flp': -2
W/ServiceWatcher( 1551): com.google.android.location not found
I/CommonTimeManagementService( 1551): No common time service detected on this platform.  Common time services will be unavailable.
D/dalvikvm( 1603): GC_CONCURRENT freed 45K, 6% free 3256K/3464K, paused 2ms+0ms, total 4ms
E/LocationManagerService( 1551): no geocoder provider found
E/LocationManagerService( 1551): No FusedProvider found.
E/LocationManagerService( 1551): no geofence provider found
D/dalvikvm( 1603): GC_FOR_ALLOC freed 4K, 7% free 3252K/3464K, paused 1ms, total 1ms
I/dalvikvm-heap( 1603): Grow heap (frag case) to 4.353MB for 1127532-byte allocation
I/ActivityManager( 1551): Start proc com.android.settings for broadcast com.android.settings/.widget.SettingsAppWidgetProvider: pid=1652 uid=1000 gids={41000, 1028, 1015, 3002, 3001, 3003}
I/InputReader( 1551): Reconfiguring input devices.  changes=0x00000030
D/dalvikvm( 1603): GC_CONCURRENT freed <1K, 5% free 4353K/4568K, paused 37ms+1ms, total 45ms
I/ActivityManager( 1551): Start proc com.android.phone for added application com.android.phone: pid=1663 uid=1001 gids={41001, 3002, 3001, 3003, 1028, 1015}
I/ActivityManager( 1551): START u0 {act=android.intent.action.MAIN cat=[android.intent.category.HOME] flg=0x10000000 cmp=com.android.launcher/com.android.launcher2.Launcher} from pid 0
I/ActivityManager( 1551): Start proc com.android.launcher for activity com.android.launcher/com.android.launcher2.Launcher: pid=1680 uid=10008 gids={50008}
I/SystemServer( 1551): Enabled StrictMode for system server main thread.
I/ActivityManager( 1551): Start proc com.android.printspooler for service com.android.printspooler/.PrintSpoolerService: pid=1695 uid=10039 gids={50039}
V/KeyguardServiceDelegate( 1551): *** Keyguard connected (yay!)
W/InputMethodManagerService( 1551): Focus gain on non-focused client android.view.inputmethod.InputMethodManager$1@b1204f58 (uid=1000 pid=1551)
I/LatinIME( 1637): Hardware accelerated drawing: true
D/dalvikvm( 1603): GC_FOR_ALLOC freed 20K, 4% free 4709K/4888K, paused 1ms, total 1ms
D/dalvikvm( 1603): GC_CONCURRENT freed 8K, 3% free 5254K/5392K, paused 10ms+1ms, total 12ms
I/PrintSpoolerService( 1695): No existing print spooler state.
W/InputAttributes( 1637): No editor info for this field. Bug?
I/ResourceUtils( 1637): Found default value: resource=keypress_vibration_durations build=[HARDWARE=ranchu MODEL=Android SDK built for x86 BRAND=generic_x86 MANUFACTURER=unknown] default=-1
I/ResourceUtils( 1637): Found default value: resource=keypress_volumes build=[HARDWARE=ranchu MODEL=Android SDK built for x86 BRAND=generic_x86 MANUFACTURER=unknown] default=-1.0f
V/PhoneStatusBar/NavigationBarView( 1603): touchEnabled:false
D/dalvikvm( 1551): GC_FOR_ALLOC freed 410K, 9% free 5308K/5832K, paused 6ms, total 6ms
I/LatinIME:LogUtils( 1637): Dictionary info: dictionary = userunigram.en_US.dict ; version = ? ; date = ?
D/dalvikvm( 1637): GC_CONCURRENT freed 216K, 10% free 3041K/3364K, paused 18ms+0ms, total 54ms
I/LatinIME:LogUtils( 1637): Dictionary info: dictionary = main:en ; version = 42 ; date = 1381226429
I/ActivityManager( 1551): Start proc android.process.acore for content provider com.android.providers.userdictionary/.UserDictionaryProvider: pid=1717 uid=10002 gids={50002, 3003, 1028, 1015}
I/MediaFocusControl( 1551):   Remote Control   registerMediaButtonIntent() for PendingIntent{b1216bd8: PendingIntentRecord{b1272750 android broadcastIntent}}
V/BackupManagerService( 1551): Connected to transport ComponentInfo{android/com.android.internal.backup.LocalTransportService}
V/BackupManagerService( 1551): Registering transport android/com.android.internal.backup.LocalTransportService::android/com.android.internal.backup.LocalTransport = com.android.internal.backup.LocalTransport@b12d8480
E/BluetoothAdapter( 1603): Bluetooth binder is null
E/BluetoothAdapter( 1603): Bluetooth binder is null
E/BluetoothAdapter( 1603): Bluetooth binder is null
I/FusedLocation( 1551): engine stopped (com.android.location.fused)
I/FusedLocation( 1551): engine started (com.android.location.fused)
I/FusedLocation( 1551): engine started (com.android.location.fused)
E/BluetoothAdapter( 1652): Bluetooth binder is null
D/dalvikvm( 1551): GC_FOR_ALLOC freed 546K, 11% free 5386K/6048K, paused 7ms, total 7ms
E/BluetoothAdapter( 1603): Bluetooth binder is null
I/PackageManager( 1551):   Action: "android.intent.action.SENDTO"
I/PackageManager( 1551):   Category: "android.intent.category.DEFAULT"
I/PackageManager( 1551):   Scheme: "sms"
I/PackageManager( 1551): Adding preferred activity ComponentInfo{com.android.mms/com.android.mms.ui.ComposeMessageActivity} for user 0 :
D/dalvikvm( 1680): GC_CONCURRENT freed 180K, 9% free 3039K/3328K, paused 4ms+0ms, total 9ms
I/PackageManager( 1551):   Action: "android.intent.action.SENDTO"
I/PackageManager( 1551):   Category: "android.intent.category.DEFAULT"
I/PackageManager( 1551):   Scheme: "smsto"
I/PackageManager( 1551): Adding preferred activity ComponentInfo{com.android.mms/com.android.mms.ui.ComposeMessageActivity} for user 0 :
I/PackageManager( 1551):   Action: "android.intent.action.SENDTO"
I/PackageManager( 1551):   Category: "android.intent.category.DEFAULT"
I/PackageManager( 1551):   Scheme: "mms"
I/PackageManager( 1551): Adding preferred activity ComponentInfo{com.android.mms/com.android.mms.ui.ComposeMessageActivity} for user 0 :
D/dalvikvm( 1717): GC_CONCURRENT freed 169K, 9% free 3034K/3312K, paused 3ms+0ms, total 5ms
I/ActivityManager( 1551): Start proc com.android.music for broadcast com.android.music/.MediaButtonIntentReceiver: pid=1742 uid=10032 gids={50032, 3003, 1028, 1015}
I/PackageManager( 1551):   Action: "android.intent.action.SENDTO"
I/PackageManager( 1551):   Category: "android.intent.category.DEFAULT"
I/PackageManager( 1551):   Scheme: "mmsto"
D/dalvikvm( 1663): GC_CONCURRENT freed 169K, 9% free 3035K/3312K, paused 1ms+0ms, total 3ms
I/PackageManager( 1551): Adding preferred activity ComponentInfo{com.android.mms/com.android.mms.ui.ComposeMessageActivity} for user 0 :
I/dalvikvm( 1742): CheckJNI enabled: not enabling JNI app bug workarounds.
D/dalvikvm( 1680): GC_CONCURRENT freed 55K, 5% free 3401K/3564K, paused 6ms+4ms, total 33ms
I/LatinIME:LogUtils( 1637): Dictionary info: dictionary = UserHistoryDictionary.en_US.dic ; version = ? ; date = 1473407576
I/LatinIME:LogUtils( 1637): Dictionary info: dictionary = personalization.en_US.dict ; version = ? ; date = 1470141344
D/dalvikvm( 1603): GC_CONCURRENT freed 130K, 4% free 5823K/6060K, paused 0ms+0ms, total 2ms
D/PhoneStatusBar( 1603): disable: < expand icons alerts ticker system_info back home recent clock search >
E/BluetoothAdapter( 1663): Bluetooth binder is null
E/BluetoothAdapter( 1652): Bluetooth binder is null
I/MediaFocusControl( 1551):   Remote Control   registerMediaButtonIntent() for PendingIntent{b11025b0: PendingIntentRecord{b11fc828 com.android.music broadcastIntent}}
D/dalvikvm( 1680): GC_CONCURRENT freed 73K, 5% free 3740K/3924K, paused 4ms+1ms, total 6ms
E/BluetoothAdapter( 1663): Bluetooth binder is null
D/CallNotifier( 1663): CallNotifier: mSignalInfoToneGenerator created when toneplay
E/BluetoothAdapter( 1663): Bluetooth binder is null
I/LatinIME:LogUtils( 1637): Dictionary info: dictionary = PersonalizationPredictionDictio ; version = ? ; date = 1470141344
D/dalvikvm( 1125): GC_EXPLICIT freed 36K, 5% free 2826K/2968K, paused 0ms+0ms, total 6ms
I/ActivityManager( 1551): Start proc android.process.media for content provider com.android.providers.media/.MediaProvider: pid=1770 uid=10005 gids={50005, 1028, 1015, 1023, 1024, 2001, 3003, 3007}
D/MobileDataStateTracker( 1551): fota: Broadcast received: android.intent.action.ANY_DATA_STATE apnType=fota
D/MobileDataStateTracker( 1551): fota: Received state=DISCONNECTED, old=DISCONNECTED, reason=radioTurnedOff
D/MobileDataStateTracker( 1551): ia: Broadcast received: android.intent.action.ANY_DATA_STATE apnType=ia
D/MobileDataStateTracker( 1551): ia: Received state=DISCONNECTED, old=DISCONNECTED, reason=radioTurnedOff
D/MobileDataStateTracker( 1551): supl: Broadcast received: android.intent.action.ANY_DATA_STATE apnType=supl
D/MobileDataStateTracker( 1551): supl: Received state=DISCONNECTED, old=DISCONNECTED, reason=radioTurnedOff
D/MobileDataStateTracker( 1551): hipri: Broadcast received: android.intent.action.ANY_DATA_STATE apnType=hipri
D/MobileDataStateTracker( 1551): hipri: Received state=DISCONNECTED, old=DISCONNECTED, reason=radioTurnedOff
D/dalvikvm( 1125): GC_EXPLICIT freed <1K, 5% free 2826K/2968K, paused 0ms+0ms, total 35ms
E/BluetoothAdapter( 1603): Bluetooth binder is null
D/MobileDataStateTracker( 1551): ims: Broadcast received: android.intent.action.ANY_DATA_STATE apnType=ims
D/MobileDataStateTracker( 1551): ims: Received state=DISCONNECTED, old=DISCONNECTED, reason=radioTurnedOff
D/MobileDataStateTracker( 1551): default: Broadcast received: android.intent.action.ANY_DATA_STATE apnType=default
D/dalvikvm( 1125): GC_EXPLICIT freed <1K, 5% free 2826K/2968K, paused 0ms+0ms, total 25ms
D/dalvikvm( 1551): GC_FOR_ALLOC freed 583K, 12% free 5447K/6144K, paused 35ms, total 40ms
D/MobileDataStateTracker( 1551): default: Received state=DISCONNECTED, old=DISCONNECTED, reason=radioTurnedOff
D/MobileDataStateTracker( 1551): mms: Broadcast received: android.intent.action.ANY_DATA_STATE apnType=mms
D/MobileDataStateTracker( 1551): mms: Received state=DISCONNECTED, old=DISCONNECTED, reason=radioTurnedOff
D/dalvikvm( 1680): GC_CONCURRENT freed 212K, 8% free 3917K/4244K, paused 0ms+0ms, total 2ms
D/MobileDataStateTracker( 1551): cbs: Broadcast received: android.intent.action.ANY_DATA_STATE apnType=cbs
D/MobileDataStateTracker( 1551): cbs: Received state=DISCONNECTED, old=DISCONNECTED, reason=radioTurnedOff
D/MobileDataStateTracker( 1551): fota: Broadcast received: android.intent.action.ANY_DATA_STATE apnType=fota
D/MobileDataStateTracker( 1551): fota: Received state=DISCONNECTED, old=DISCONNECTED, reason=radioTurnedOff
D/MobileDataStateTracker( 1551): ia: Broadcast received: android.intent.action.ANY_DATA_STATE apnType=ia
D/MobileDataStateTracker( 1551): ia: Received state=DISCONNECTED, old=DISCONNECTED, reason=radioTurnedOff
D/MobileDataStateTracker( 1551): supl: Broadcast received: android.intent.action.ANY_DATA_STATE apnType=supl
D/MobileDataStateTracker( 1551): supl: Received state=DISCONNECTED, old=DISCONNECTED, reason=radioTurnedOff
D/MobileDataStateTracker( 1551): hipri: Broadcast received: android.intent.action.ANY_DATA_STATE apnType=hipri
D/MobileDataStateTracker( 1551): hipri: Received state=DISCONNECTED, old=DISCONNECTED, reason=radioTurnedOff
D/MobileDataStateTracker( 1551): ims: Broadcast received: android.intent.action.ANY_DATA_STATE apnType=ims
D/MobileDataStateTracker( 1551): ims: Received state=DISCONNECTED, old=DISCONNECTED, reason=radioTurnedOff
D/MobileDataStateTracker( 1551): default: Broadcast received: android.intent.action.ANY_DATA_STATE apnType=default
D/MobileDataStateTracker( 1551): default: Received state=DISCONNECTED, old=DISCONNECTED, reason=radioTurnedOff
D/MobileDataStateTracker( 1551): mms: Broadcast received: android.intent.action.ANY_DATA_STATE apnType=mms
D/MobileDataStateTracker( 1551): mms: Received state=DISCONNECTED, old=DISCONNECTED, reason=radioTurnedOff
D/MobileDataStateTracker( 1551): cbs: Broadcast received: android.intent.action.ANY_DATA_STATE apnType=cbs
D/MobileDataStateTracker( 1551): cbs: Received state=DISCONNECTED, old=DISCONNECTED, reason=radioTurnedOff
D/MobileDataStateTracker( 1551): fota: Broadcast received: android.intent.action.ANY_DATA_STATE apnType=fota
D/MobileDataStateTracker( 1551): fota: Received state=DISCONNECTED, old=DISCONNECTED, reason=dataDetached
D/MobileDataStateTracker( 1551): ia: Broadcast received: android.intent.action.ANY_DATA_STATE apnType=ia
D/MobileDataStateTracker( 1551): ia: Received state=DISCONNECTED, old=DISCONNECTED, reason=dataDetached
D/MobileDataStateTracker( 1551): supl: Broadcast received: android.intent.action.ANY_DATA_STATE apnType=supl
D/MobileDataStateTracker( 1551): supl: Received state=DISCONNECTED, old=DISCONNECTED, reason=dataDetached
D/MobileDataStateTracker( 1551): hipri: Broadcast received: android.intent.action.ANY_DATA_STATE apnType=hipri
D/TelephonyDebugService( 1663): TelephonyDebugService()
D/MobileDataStateTracker( 1551): hipri: Received state=DISCONNECTED, old=DISCONNECTED, reason=dataDetached
D/MobileDataStateTracker( 1551): ims: Broadcast received: android.intent.action.ANY_DATA_STATE apnType=ims
D/MobileDataStateTracker( 1551): ims: Received state=DISCONNECTED, old=DISCONNECTED, reason=dataDetached
D/MobileDataStateTracker( 1551): default: Broadcast received: android.intent.action.ANY_DATA_STATE apnType=default
D/MobileDataStateTracker( 1551): default: Received state=DISCONNECTED, old=DISCONNECTED, reason=dataDetached
D/MobileDataStateTracker( 1551): mms: Broadcast received: android.intent.action.ANY_DATA_STATE apnType=mms
D/MobileDataStateTracker( 1551): mms: Received state=DISCONNECTED, old=DISCONNECTED, reason=dataDetached
D/MobileDataStateTracker( 1551): cbs: Broadcast received: android.intent.action.ANY_DATA_STATE apnType=cbs
D/MobileDataStateTracker( 1551): cbs: Received state=DISCONNECTED, old=DISCONNECTED, reason=dataDetached
D/MobileDataStateTracker( 1551): fota: Broadcast received: android.intent.action.ANY_DATA_STATE apnType=fota
D/MobileDataStateTracker( 1551): fota: Received state=DISCONNECTED, old=DISCONNECTED, reason=roamingOff
D/MobileDataStateTracker( 1551): ia: Broadcast received: android.intent.action.ANY_DATA_STATE apnType=ia
D/gralloc_ranchu( 1680): Emulator without host-side GPU emulation detected.
D/MobileDataStateTracker( 1551): ia: Received state=DISCONNECTED, old=DISCONNECTED, reason=roamingOff
D/MobileDataStateTracker( 1551): supl: Broadcast received: android.intent.action.ANY_DATA_STATE apnType=supl
D/PhoneStatusBar( 1603): heads up is disabled
I/Choreographer( 1603): Skipped 38 frames!  The application may be doing too much work on its main thread.
V/KeyguardServiceDelegate( 1551): **** SHOWN CALLED ****
V/KeyguardTouchDelegate( 1603): Connected to keyguard
D/MobileDataStateTracker( 1551): supl: Received state=DISCONNECTED, old=DISCONNECTED, reason=roamingOff
D/MobileDataStateTracker( 1551): hipri: Broadcast received: android.intent.action.ANY_DATA_STATE apnType=hipri
D/MobileDataStateTracker( 1551): hipri: Received state=DISCONNECTED, old=DISCONNECTED, reason=roamingOff
D/MobileDataStateTracker( 1551): ims: Broadcast received: android.intent.action.ANY_DATA_STATE apnType=ims
D/MobileDataStateTracker( 1551): ims: Received state=DISCONNECTED, old=DISCONNECTED, reason=roamingOff
D/MobileDataStateTracker( 1551): default: Broadcast received: android.intent.action.ANY_DATA_STATE apnType=default
D/MobileDataStateTracker( 1551): default: Received state=DISCONNECTED, old=DISCONNECTED, reason=roamingOff
D/MobileDataStateTracker( 1551): mms: Broadcast received: android.intent.action.ANY_DATA_STATE apnType=mms
D/MobileDataStateTracker( 1551): mms: Received state=DISCONNECTED, old=DISCONNECTED, reason=roamingOff
D/MobileDataStateTracker( 1551): cbs: Broadcast received: android.intent.action.ANY_DATA_STATE apnType=cbs
D/MobileDataStateTracker( 1551): cbs: Received state=DISCONNECTED, old=DISCONNECTED, reason=roamingOff
D/MobileDataStateTracker( 1551): fota: Broadcast received: android.intent.action.ANY_DATA_STATE apnType=fota
D/MobileDataStateTracker( 1551): fota: Received state=DISCONNECTED, old=DISCONNECTED, reason=roamingOff
D/MobileDataStateTracker( 1551): ia: Broadcast received: android.intent.action.ANY_DATA_STATE apnType=ia
D/MobileDataStateTracker( 1551): ia: Received state=DISCONNECTED, old=DISCONNECTED, reason=roamingOff
D/dalvikvm( 1663): GC_CONCURRENT freed 316K, 12% free 3182K/3608K, paused 31ms+21ms, total 60ms
D/MobileDataStateTracker( 1551): supl: Broadcast received: android.intent.action.ANY_DATA_STATE apnType=supl
D/MobileDataStateTracker( 1551): supl: Received state=DISCONNECTED, old=DISCONNECTED, reason=roamingOff
D/MobileDataStateTracker( 1551): hipri: Broadcast received: android.intent.action.ANY_DATA_STATE apnType=hipri
D/MobileDataStateTracker( 1551): hipri: Received state=DISCONNECTED, old=DISCONNECTED, reason=roamingOff
D/MobileDataStateTracker( 1551): ims: Broadcast received: android.intent.action.ANY_DATA_STATE apnType=ims
D/MobileDataStateTracker( 1551): ims: Received state=DISCONNECTED, old=DISCONNECTED, reason=roamingOff
D/MobileDataStateTracker( 1551): default: Broadcast received: android.intent.action.ANY_DATA_STATE apnType=default
D/MobileDataStateTracker( 1551): default: Received state=DISCONNECTED, old=DISCONNECTED, reason=roamingOff
D/MobileDataStateTracker( 1551): mms: Broadcast received: android.intent.action.ANY_DATA_STATE apnType=mms
D/MobileDataStateTracker( 1551): mms: Received state=DISCONNECTED, old=DISCONNECTED, reason=roamingOff
D/MobileDataStateTracker( 1551): cbs: Broadcast received: android.intent.action.ANY_DATA_STATE apnType=cbs
D/MobileDataStateTracker( 1551): cbs: Received state=DISCONNECTED, old=DISCONNECTED, reason=roamingOff
D/MobileDataStateTracker( 1551): fota: Broadcast received: android.intent.action.ANY_DATA_STATE apnType=fota
D/MobileDataStateTracker( 1551): fota: Received state=DISCONNECTED, old=DISCONNECTED, reason=dataAttached
D/MobileDataStateTracker( 1551): ia: Broadcast received: android.intent.action.ANY_DATA_STATE apnType=ia
D/MobileDataStateTracker( 1551): ia: Received state=DISCONNECTED, old=DISCONNECTED, reason=dataAttached
D/MobileDataStateTracker( 1551): supl: Broadcast received: android.intent.action.ANY_DATA_STATE apnType=supl
D/MobileDataStateTracker( 1551): supl: Received state=DISCONNECTED, old=DISCONNECTED, reason=dataAttached
D/MobileDataStateTracker( 1551): hipri: Broadcast received: android.intent.action.ANY_DATA_STATE apnType=hipri
D/MobileDataStateTracker( 1551): hipri: Received state=DISCONNECTED, old=DISCONNECTED, reason=dataAttached
D/MobileDataStateTracker( 1551): ims: Broadcast received: android.intent.action.ANY_DATA_STATE apnType=ims
D/MobileDataStateTracker( 1551): ims: Received state=DISCONNECTED, old=DISCONNECTED, reason=dataAttached
D/MobileDataStateTracker( 1551): mms: Broadcast received: android.intent.action.ANY_DATA_STATE apnType=mms
D/MobileDataStateTracker( 1551): mms: Received state=DISCONNECTED, old=DISCONNECTED, reason=dataAttached
D/MobileDataStateTracker( 1551): cbs: Broadcast received: android.intent.action.ANY_DATA_STATE apnType=cbs
D/MobileDataStateTracker( 1551): cbs: Received state=DISCONNECTED, old=DISCONNECTED, reason=dataAttached
D/MobileDataStateTracker( 1551): fota: Broadcast received: android.intent.action.ANY_DATA_STATE apnType=fota
D/MobileDataStateTracker( 1551): fota: Received state=DISCONNECTED, old=DISCONNECTED, reason=dataAttached
D/MobileDataStateTracker( 1551): ia: Broadcast received: android.intent.action.ANY_DATA_STATE apnType=ia
D/MobileDataStateTracker( 1551): ia: Received state=DISCONNECTED, old=DISCONNECTED, reason=dataAttached
D/MobileDataStateTracker( 1551): supl: Broadcast received: android.intent.action.ANY_DATA_STATE apnType=supl
D/MobileDataStateTracker( 1551): supl: Received state=DISCONNECTED, old=DISCONNECTED, reason=dataAttached
D/MobileDataStateTracker( 1551): hipri: Broadcast received: android.intent.action.ANY_DATA_STATE apnType=hipri
D/MobileDataStateTracker( 1551): hipri: Received state=DISCONNECTED, old=DISCONNECTED, reason=dataAttached
D/MobileDataStateTracker( 1551): ims: Broadcast received: android.intent.action.ANY_DATA_STATE apnType=ims
D/MobileDataStateTracker( 1551): ims: Received state=DISCONNECTED, old=DISCONNECTED, reason=dataAttached
D/MobileDataStateTracker( 1551): mms: Broadcast received: android.intent.action.ANY_DATA_STATE apnType=mms
D/MobileDataStateTracker( 1551): mms: Received state=DISCONNECTED, old=DISCONNECTED, reason=dataAttached
D/MobileDataStateTracker( 1551): cbs: Broadcast received: android.intent.action.ANY_DATA_STATE apnType=cbs
D/MobileDataStateTracker( 1551): cbs: Received state=DISCONNECTED, old=DISCONNECTED, reason=dataAttached
D/MccTable( 1663): updateMccMncConfiguration: mcc=310, mnc=260
D/MccTable( 1663): getLocaleFromMcc to en_us mcc=310
D/MccTable( 1663): getLocaleForLanguageCountry: skipping already persisted
D/MccTable( 1663): getLocaleForLanguageCountry: X locale=null
D/MccTable( 1663): WIFI_COUNTRY_CODE set to us
I/WifiService( 1551): WifiService trying to set country code to us with persist set to true
D/MccTable( 1663): updateMccMncConfiguration updateConfig config={1.0 310mcc260mnc ?locale ?layoutDir ?swdp ?wdp ?hdp ?density ?lsize ?long ?orien ?uimode ?night ?touch ?keyb/?/? ?nav/?}
I/ActivityManager( 1551): Config changes=3 {1.0 310mcc260mnc en_US ldltr sw384dp w384dp h567dp 320dpi nrml port finger qwerty/v/v -nav/h s.5}
D/PermissionCache( 1124): checking android.permission.READ_FRAME_BUFFER for uid=1000 => granted (48 us)
D/gralloc ( 1124): Registering a buffer in the process that created it. This may cause memory ordering problems.
E/libEGL  ( 1124): called unimplemented OpenGL ES API
E/libEGL  ( 1124): called unimplemented OpenGL ES API
E/libEGL  ( 1124): called unimplemented OpenGL ES API
E/libEGL  ( 1124): called unimplemented OpenGL ES API
E/SurfaceFlinger( 1124): glCheckFramebufferStatusOES error 1126583957
E/SurfaceFlinger( 1124): got GL_FRAMEBUFFER_COMPLETE_OES error while taking screenshot
E/libEGL  ( 1124): called unimplemented OpenGL ES API
E/libEGL  ( 1124): called unimplemented OpenGL ES API
I/ContactLocale( 1717): AddressBook Labels [en_US]: [, A, B, C, D, E, F, G, H, I, J, K, L, M, N, O, P, Q, R, S, T, U, V, W, X, Y, Z, , , , , , , , , , , , , , , , , , , , , , , , , , , , , , , , , , , , , , , , , , , , , , , , , , , , , , , , , , , , , , , , , , , , , , , , , , , , , , , , , , , , , , , , , , , , , , , , , , , , , , , , , , , , , , , , , , , , , , , , , , , , , , , , , , , , , , , , , , , , , , , , , , , , , , , , , , , , , , , , , , , , , , , , , , , , , , , , , , , , , , #, ]
I/ActivityManager( 1551): Start proc com.android.deskclock for broadcast com.android.deskclock/com.android.alarmclock.AnalogAppWidgetProvider: pid=1793 uid=10020 gids={50020, 1028}
D/dalvikvm( 1663): GC_CONCURRENT freed 324K, 12% free 3242K/3676K, paused 1ms+0ms, total 3ms
W/Launcher.Model( 1680): LoaderTask running with no launcher (loadAllAppsByBatch)
D/dalvikvm( 1680): GC_CONCURRENT freed 313K, 12% free 4019K/4524K, paused 0ms+0ms, total 2ms
I/Choreographer( 1603): Skipped 30 frames!  The application may be doing too much work on its main thread.
D/gralloc_ranchu( 1603): Emulator without host-side GPU emulation detected.
D/MccTable( 1663): updateMccMncConfiguration: mcc=310, mnc=260
D/MccTable( 1663): getLocaleFromMcc to en_us mcc=310
D/MccTable( 1663): getLocaleForLanguageCountry: skipping already persisted
D/MccTable( 1663): getLocaleForLanguageCountry: X locale=null
D/MccTable( 1663): WIFI_COUNTRY_CODE set to us
I/WifiService( 1551): WifiService trying to set country code to us with persist set to true
D/MccTable( 1663): updateMccMncConfiguration updateConfig config={1.0 310mcc260mnc ?locale ?layoutDir ?swdp ?wdp ?hdp ?density ?lsize ?long ?orien ?uimode ?night ?touch ?keyb/?/? ?nav/?}
E/BluetoothAdapter( 1652): Bluetooth binder is null
D/dalvikvm( 1663): GC_CONCURRENT freed 270K, 11% free 3359K/3740K, paused 2ms+0ms, total 4ms
D/dalvikvm( 1603): GC_FOR_ALLOC freed 227K, 5% free 6350K/6684K, paused 2ms, total 3ms
D/dalvikvm( 1551): GC_FOR_ALLOC freed 580K, 12% free 5521K/6220K, paused 6ms, total 9ms
D/dalvikvm( 1551): GC_FOR_ALLOC freed 31K, 12% free 5518K/6220K, paused 5ms, total 5ms
I/dalvikvm-heap( 1551): Grow heap (frag case) to 5.597MB for 103944-byte allocation
I/dalvikvm-heap( 1603): Grow heap (frag case) to 9.233MB for 3072012-byte allocation
D/dalvikvm( 1603): GC_CONCURRENT freed 6K, 4% free 9344K/9688K, paused 3ms+1ms, total 6ms
D/dalvikvm( 1551): GC_FOR_ALLOC freed 72K, 13% free 5547K/6324K, paused 4ms, total 4ms
D/MobileDataStateTracker( 1551): fota: Broadcast received: android.intent.action.ANY_DATA_STATE apnType=fota
D/MobileDataStateTracker( 1551): fota: Received state=DISCONNECTED, old=DISCONNECTED, reason=simLoaded
D/MobileDataStateTracker( 1551): ia: Broadcast received: android.intent.action.ANY_DATA_STATE apnType=ia
D/MobileDataStateTracker( 1551): ia: Received state=DISCONNECTED, old=DISCONNECTED, reason=simLoaded
D/MobileDataStateTracker( 1551): supl: Broadcast received: android.intent.action.ANY_DATA_STATE apnType=supl
D/MobileDataStateTracker( 1551): supl: Received state=DISCONNECTED, old=DISCONNECTED, reason=simLoaded
D/MobileDataStateTracker( 1551): hipri: Broadcast received: android.intent.action.ANY_DATA_STATE apnType=hipri
D/MobileDataStateTracker( 1551): hipri: Received state=DISCONNECTED, old=DISCONNECTED, reason=simLoaded
D/MobileDataStateTracker( 1551): ims: Broadcast received: android.intent.action.ANY_DATA_STATE apnType=ims
D/MobileDataStateTracker( 1551): ims: Received state=DISCONNECTED, old=DISCONNECTED, reason=simLoaded
D/MobileDataStateTracker( 1551): mms: Broadcast received: android.intent.action.ANY_DATA_STATE apnType=mms
D/MobileDataStateTracker( 1551): mms: Received state=DISCONNECTED, old=DISCONNECTED, reason=simLoaded
D/dalvikvm( 1603): GC_FOR_ALLOC freed <1K, 4% free 9344K/9688K, paused 40ms, total 40ms
D/dalvikvm( 1663): GC_CONCURRENT freed 399K, 14% free 3353K/3860K, paused 1ms+0ms, total 3ms
D/MobileDataStateTracker( 1551): cbs: Broadcast received: android.intent.action.ANY_DATA_STATE apnType=cbs
D/MobileDataStateTracker( 1551): cbs: Received state=DISCONNECTED, old=DISCONNECTED, reason=simLoaded
I/dalvikvm-heap( 1603): Grow heap (frag case) to 16.239MB for 7352332-byte allocation
D/dalvikvm( 1603): GC_CONCURRENT freed 0K, 3% free 16524K/16872K, paused 2ms+0ms, total 4ms
D/dalvikvm( 1551): GC_FOR_ALLOC freed 91K, 12% free 5576K/6324K, paused 39ms, total 40ms
I/dalvikvm-heap( 1551): Grow heap (frag case) to 5.704MB for 155914-byte allocation
D/dalvikvm( 1551): GC_FOR_ALLOC freed 17K, 12% free 5710K/6480K, paused 6ms, total 6ms
D/MobileDataStateTracker( 1551): default: Broadcast received: android.intent.action.ANY_DATA_STATE apnType=default
D/MobileDataStateTracker( 1551): default: Received state=CONNECTING, old=DISCONNECTED, reason=simLoaded
D/MobileDataStateTracker( 1551): default: setDetailed state, old =IDLE and new state=CONNECTING
D/MobileDataStateTracker( 1551): fota: Broadcast received: android.intent.action.ANY_DATA_STATE apnType=fota
D/MobileDataStateTracker( 1551): fota: Received state=DISCONNECTED, old=DISCONNECTED, reason=simLoaded
D/MobileDataStateTracker( 1551): ia: Broadcast received: android.intent.action.ANY_DATA_STATE apnType=ia
D/MobileDataStateTracker( 1551): ia: Received state=DISCONNECTED, old=DISCONNECTED, reason=simLoaded
D/MobileDataStateTracker( 1551): supl: Broadcast received: android.intent.action.ANY_DATA_STATE apnType=supl
D/MobileDataStateTracker( 1551): supl: Received state=DISCONNECTED, old=DISCONNECTED, reason=simLoaded
D/MobileDataStateTracker( 1551): hipri: Broadcast received: android.intent.action.ANY_DATA_STATE apnType=hipri
D/MobileDataStateTracker( 1551): hipri: Received state=DISCONNECTED, old=DISCONNECTED, reason=simLoaded
D/MobileDataStateTracker( 1551): ims: Broadcast received: android.intent.action.ANY_DATA_STATE apnType=ims
D/MobileDataStateTracker( 1551): ims: Received state=DISCONNECTED, old=DISCONNECTED, reason=simLoaded
D/MobileDataStateTracker( 1551): mms: Broadcast received: android.intent.action.ANY_DATA_STATE apnType=mms
D/MobileDataStateTracker( 1551): mms: Received state=DISCONNECTED, old=DISCONNECTED, reason=simLoaded
D/MobileDataStateTracker( 1551): cbs: Broadcast received: android.intent.action.ANY_DATA_STATE apnType=cbs
D/MobileDataStateTracker( 1551): cbs: Received state=DISCONNECTED, old=DISCONNECTED, reason=simLoaded
D/MobileDataStateTracker( 1551): default: Broadcast received: android.intent.action.ANY_DATA_STATE apnType=default
D/MobileDataStateTracker( 1551): default: Received state=CONNECTED, old=CONNECTING, reason=connected
D/MobileDataStateTracker( 1551): default: setDetailed state, old =CONNECTING and new state=CONNECTED
D/ConnectivityService( 1551): ConnectivityChange for mobile: CONNECTED/CONNECTED
D/ConnectivityService( 1551): ConnectivityChange checkMobileProvisioning for TYPE_MOBILE or ProvisioningNetwork
D/ConnectivityService( 1551): checkMobileProvisioning: E suggestedTimeOutMs=60000
D/ConnectivityService( 1551): setProvNotificationVisible: E visible=false networkType=5 extraInfo=null url=null
D/ConnectivityService( 1551): checkMobileProvisioning: params={ url=http://clients3.google.com/generate_204 mTimeOutMs=60000 mCb=com.android.server.ConnectivityService$5@b10d3ca0}
D/dalvikvm( 1680): GC_CONCURRENT freed 256K, 9% free 4151K/4524K, paused 3ms+59ms, total 105ms
D/Launcher.Model( 1680): Reload apps on config change. curr_mcc:310 prevmcc:0
D/ConnectivityService( 1551): checkMobileProvisioning: X
D/dalvikvm( 1680): GC_CONCURRENT freed 174K, 9% free 4371K/4764K, paused 2ms+0ms, total 3ms
D/MobileDataStateTracker( 1551): default: isProvisioningNetwork: retVal=false
D/ConnectivityService( 1551): [CheckMp] isMobileOk: isDefaultProvisioning=false
D/MobileDataStateTracker( 1551): hipri: isProvisioningNetwork: retVal=false
D/ConnectivityService( 1551): [CheckMp] isMobileOk: isHipriProvisioning=false
D/ConnectivityService( 1551): [CheckMp] isMobileOk: start hipri url=http://clients3.google.com/generate_204
D/ConnectivityService( 1551): startUsingNetworkFeature reconnecting to 0: enableHIPRI
D/MobileDataStateTracker( 1551): hipri: Broadcast received: android.intent.action.ANY_DATA_STATE apnType=hipri
D/MobileDataStateTracker( 1551): hipri: Received state=CONNECTING, old=DISCONNECTED, reason=dataEnabled
D/MobileDataStateTracker( 1551): hipri: setDetailed state, old =IDLE and new state=CONNECTING
D/MobileDataStateTracker( 1551): fota: Broadcast received: android.intent.action.ANY_DATA_STATE apnType=fota
D/MobileDataStateTracker( 1551): fota: Received state=DISCONNECTED, old=DISCONNECTED, reason=dataEnabled
D/dalvikvm( 1663): GC_CONCURRENT freed 433K, 14% free 3350K/3892K, paused 0ms+1ms, total 8ms
D/MobileDataStateTracker( 1551): ia: Broadcast received: android.intent.action.ANY_DATA_STATE apnType=ia
D/MobileDataStateTracker( 1551): ia: Received state=DISCONNECTED, old=DISCONNECTED, reason=dataEnabled
D/MobileDataStateTracker( 1551): supl: Broadcast received: android.intent.action.ANY_DATA_STATE apnType=supl
D/MobileDataStateTracker( 1551): supl: Received state=DISCONNECTED, old=DISCONNECTED, reason=dataEnabled
D/ConnectivityService( 1551): startUsingNetworkFeature X: return APN_REQUEST_STARTED
D/MobileDataStateTracker( 1551): ims: Broadcast received: android.intent.action.ANY_DATA_STATE apnType=ims
D/ConnectivityService( 1551): [CheckMp] isMobileOk: hipri started
D/ConnectivityService( 1551): [CheckMp] isMobileOk: not connected ni=NetworkInfo: type: mobile_hipri[UMTS], state: DISCONNECTED/IDLE, reason: (unspecified), extra: (none), roaming: false, failover: false, isAvailable: true, isConnectedToProvisioningNetwork: false
D/MobileDataStateTracker( 1551): ims: Received state=DISCONNECTED, old=DISCONNECTED, reason=dataEnabled
D/MobileDataStateTracker( 1551): mms: Broadcast received: android.intent.action.ANY_DATA_STATE apnType=mms
D/MobileDataStateTracker( 1551): mms: Received state=DISCONNECTED, old=DISCONNECTED, reason=dataEnabled
D/MobileDataStateTracker( 1551): cbs: Broadcast received: android.intent.action.ANY_DATA_STATE apnType=cbs
D/MobileDataStateTracker( 1551): cbs: Received state=DISCONNECTED, old=DISCONNECTED, reason=dataEnabled
D/MobileDataStateTracker( 1551): hipri: Broadcast received: android.intent.action.ANY_DATA_STATE apnType=hipri
D/MobileDataStateTracker( 1551): hipri: Received state=CONNECTED, old=CONNECTING, reason=dataEnabled
D/MobileDataStateTracker( 1551): hipri: setDetailed state, old =IDLE and new state=CONNECTED
D/Nat464Xlat( 1551): requiresClat: netType=0, hasIPv4Address=true
D/ConnectivityService( 1551): ConnectivityChange for mobile_hipri: CONNECTED/CONNECTED
I/SurfaceFlinger( 1124): Boot is finished (8939 ms)
D/PhoneStatusBar( 1603): mSettingsPanelGravity = 55
I/Choreographer( 1603): Skipped 34 frames!  The application may be doing too much work on its main thread.
D/dalvikvm( 1680): GC_FOR_ALLOC freed 546K, 16% free 4149K/4884K, paused 2ms, total 2ms
I/dalvikvm-heap( 1680): Grow heap (frag case) to 5.033MB for 921612-byte allocation
D/dalvikvm( 1680): GC_CONCURRENT freed 28K, 14% free 5020K/5788K, paused 1ms+1ms, total 3ms
D/dalvikvm( 1680): GC_FOR_ALLOC freed 1K, 14% free 5020K/5788K, paused 3ms, total 3ms
I/dalvikvm-heap( 1680): Grow heap (frag case) to 5.882MB for 921612-byte allocation
D/dalvikvm( 1680): GC_CONCURRENT freed <1K, 12% free 5920K/6692K, paused 2ms+1ms, total 4ms
I/ActivityManager( 1551): Displayed com.android.launcher/com.android.launcher2.Launcher: +2s82ms
D/dalvikvm( 1680): GC_FOR_ALLOC freed <1K, 12% free 5920K/6692K, paused 3ms, total 5ms
I/dalvikvm-heap( 1680): Grow heap (frag case) to 6.762MB for 921612-byte allocation
D/dalvikvm( 1680): GC_FOR_ALLOC freed <1K, 11% free 6820K/7596K, paused 2ms, total 2ms
D/Nat464Xlat( 1551): requiresClat: netType=5, hasIPv4Address=true
I/WindowManager( 1551): Screen frozen for +992ms due to Window{b1211ec0 u0 com.android.launcher/com.android.launcher2.Launcher}
D/dalvikvm( 1680): GC_CONCURRENT freed 529K, 9% free 7501K/8196K, paused 2ms+0ms, total 7ms
D/AndroidRuntime( 1824): 
D/AndroidRuntime( 1824): >>>>>> AndroidRuntime START com.android.internal.os.RuntimeInit <<<<<<
W/linker  ( 1824): libdvm.so has text relocations. This is wasting memory and is a security risk. Please fix.
D/AndroidRuntime( 1824): CheckJNI is ON
D/dalvikvm( 1824): Trying to load lib libjavacore.so 0x0
D/dalvikvm( 1824): Added shared lib libjavacore.so 0x0
D/dalvikvm( 1824): Trying to load lib libnativehelper.so 0x0
D/dalvikvm( 1824): Added shared lib libnativehelper.so 0x0
D/dalvikvm( 1824): No JNI_OnLoad found in libnativehelper.so 0x0, skipping init
D/dalvikvm( 1824): Note: class Landroid/app/ActivityManagerNative; has 179 unimplemented (abstract) methods
E/memtrack( 1824): Couldn't load memtrack module (No such file or directory)
E/android.os.Debug( 1824): failed to load memtrack module: -2
D/MobileDataStateTracker( 1551): hipri: isProvisioningNetwork: retVal=false
D/ConnectivityService( 1551): [CheckMp] isMobileOk: isProvisioningNetwork is false, continue
D/AndroidRuntime( 1824): Calling main entry com.android.commands.pm.Pm
I/ActivityManager( 1551): Start proc com.android.defcontainer for service com.android.defcontainer/.DefaultContainerService: pid=1835 uid=10003 gids={50003, 1028, 1015, 1023, 2001, 1035}
W/ActivityManager( 1551): No content provider found for permission revoke: file:///data/local/tmp/HelloJNI.apk
W/ActivityManager( 1551): No content provider found for permission revoke: file:///data/local/tmp/HelloJNI.apk
I/PackageManager( 1551): Copying native libraries to /data/app-lib/vmdl-1423257993
D/dalvikvm( 1551): GC_FOR_ALLOC freed 728K, 13% free 5710K/6552K, paused 5ms, total 7ms
I/ActivityManager( 1551): Force stopping com.manish.hellojni appid=10053 user=-1: uninstall pkg
I/PackageManager( 1551): Running dexopt on: com.manish.hellojni
W/linker  ( 1849): libdvm.so has text relocations. This is wasting memory and is a security risk. Please fix.
I/PackageManager( 1551): Package com.manish.hellojni codePath changed from /data/app/com.manish.hellojni-1.apk to /data/app/com.manish.hellojni-2.apk; Retaining data and using new
D/dalvikvm( 1849): DexOpt: load 1ms, verify+opt 1ms, 212444 bytes
W/PackageManager( 1551): Code path for pkg : com.manish.hellojni changing from /data/app/com.manish.hellojni-1.apk to /data/app/com.manish.hellojni-2.apk
W/PackageManager( 1551): Resource path for pkg : com.manish.hellojni changing from /data/app/com.manish.hellojni-1.apk to /data/app/com.manish.hellojni-2.apk
I/ActivityManager( 1551): Force stopping com.manish.hellojni appid=10053 user=-1: update pkg
I/Choreographer( 1603): Skipped 135 frames!  The application may be doing too much work on its main thread.
I/ActivityManager( 1551): Force stopping com.manish.hellojni appid=10053 user=0: pkg removed
D/dalvikvm( 1680): GC_EXPLICIT freed 749K, 12% free 7369K/8356K, paused 0ms+0ms, total 5ms
D/BackupManagerService( 1551): Received broadcast Intent { act=android.intent.action.PACKAGE_REMOVED dat=package:com.manish.hellojni flg=0x4000010 (has extras) }
I/PackageManager( 1551):   Action: "android.intent.action.SENDTO"
I/PackageManager( 1551):   Category: "android.intent.category.DEFAULT"
I/PackageManager( 1551):   Scheme: "sms"
I/PackageManager( 1551): Adding preferred activity ComponentInfo{com.android.mms/com.android.mms.ui.ComposeMessageActivity} for user 0 :
I/PackageManager( 1551):   Action: "android.intent.action.SENDTO"
I/PackageManager( 1551):   Category: "android.intent.category.DEFAULT"
I/PackageManager( 1551):   Scheme: "smsto"
I/ActivityManager( 1551): Start proc com.android.dialer for broadcast com.android.dialer/.calllog.CallLogReceiver: pid=1850 uid=10004 gids={50004, 3003, 1028, 1015}
I/PackageManager( 1551): Adding preferred activity ComponentInfo{com.android.mms/com.android.mms.ui.ComposeMessageActivity} for user 0 :
D/dalvikvm( 1551): GC_FOR_ALLOC freed 730K, 13% free 5705K/6552K, paused 11ms, total 12ms
I/PackageManager( 1551):   Action: "android.intent.action.SENDTO"
I/PackageManager( 1551):   Category: "android.intent.category.DEFAULT"
I/PackageManager( 1551):   Scheme: "mms"
D/BackupManagerService( 1551): Received broadcast Intent { act=android.intent.action.PACKAGE_ADDED dat=package:com.manish.hellojni flg=0x4000010 (has extras) }
V/BackupManagerService( 1551): removePackageParticipantsLocked: uid=10053 #1
V/BackupManagerService( 1551): addPackageParticipantsLocked: #1
