I/PackageManager( 1551): Adding preferred activity ComponentInfo{com.android.mms/com.android.mms.ui.ComposeMessageActivity} for user 0 :
I/PackageManager( 1551):   Action: "android.intent.action.SENDTO"
I/PackageManager( 1551):   Category: "android.intent.category.DEFAULT"
I/PackageManager( 1551):   Scheme: "mmsto"
D/dalvikvm( 1551): GC_EXPLICIT freed 223K, 11% free 5869K/6552K, paused 0ms+26ms, total 45ms
D/AndroidRuntime( 1824): Shutting down VM
I/PackageManager( 1551): Adding preferred activity ComponentInfo{com.android.mms/com.android.mms.ui.ComposeMessageActivity} for user 0 :
D/dalvikvm( 1824): GC_CONCURRENT freed 93K, 15% free 551K/648K, paused 0ms+0ms, total 1ms
I/PackageManager( 1551):   Action: "android.intent.action.SENDTO"
I/PackageManager( 1551):   Category: "android.intent.category.DEFAULT"
I/PackageManager( 1551):   Scheme: "sms"
I/PackageManager( 1551): Adding preferred activity ComponentInfo{com.android.mms/com.android.mms.ui.ComposeMessageActivity} for user 0 :
I/PackageManager( 1551):   Action: "android.intent.action.SENDTO"
I/PackageManager( 1551):   Category: "android.intent.category.DEFAULT"
I/PackageManager( 1551):   Scheme: "smsto"
I/PackageManager( 1551): Adding preferred activity ComponentInfo{com.android.mms/com.android.mms.ui.ComposeMessageActivity} for user 0 :
I/PackageManager( 1551):   Action: "android.intent.action.SENDTO"
I/PackageManager( 1551):   Category: "android.intent.category.DEFAULT"
I/PackageManager( 1551):   Scheme: "mms"
I/PackageManager( 1551): Adding preferred activity ComponentInfo{com.android.mms/com.android.mms.ui.ComposeMessageActivity} for user 0 :
D/dalvikvm( 1663): GC_FOR_ALLOC freed 437K, 14% free 3424K/3968K, paused 3ms, total 3ms
I/PackageManager( 1551):   Action: "android.intent.action.SENDTO"
I/PackageManager( 1551):   Category: "android.intent.category.DEFAULT"
I/PackageManager( 1551):   Scheme: "mmsto"
I/PackageManager( 1551): Adding preferred activity ComponentInfo{com.android.mms/com.android.mms.ui.ComposeMessageActivity} for user 0 :
D/ExtensionsFactory( 1850): No custom extensions.
W/RecognitionManagerService( 1551): no available voice recognition services found for user 0
D/dalvikvm( 1551): GC_FOR_ALLOC freed 838K, 15% free 5791K/6748K, paused 26ms, total 26ms
I/PackageManager( 1551):   Action: "android.intent.action.SENDTO"
I/PackageManager( 1551):   Category: "android.intent.category.DEFAULT"
I/PackageManager( 1551):   Scheme: "sms"
I/PackageManager( 1551): Adding preferred activity ComponentInfo{com.android.mms/com.android.mms.ui.ComposeMessageActivity} for user 0 :
I/PackageManager( 1551):   Action: "android.intent.action.SENDTO"
I/PackageManager( 1551):   Category: "android.intent.category.DEFAULT"
I/PackageManager( 1551):   Scheme: "smsto"
I/PackageManager( 1551): Adding preferred activity ComponentInfo{com.android.mms/com.android.mms.ui.ComposeMessageActivity} for user 0 :
I/PackageManager( 1551):   Action: "android.intent.action.SENDTO"
I/PackageManager( 1551):   Category: "android.intent.category.DEFAULT"
I/PackageManager( 1551):   Scheme: "mms"
I/PackageManager( 1551): Adding preferred activity ComponentInfo{com.android.mms/com.android.mms.ui.ComposeMessageActivity} for user 0 :
I/PackageManager( 1551):   Action: "android.intent.action.SENDTO"
I/PackageManager( 1551):   Category: "android.intent.category.DEFAULT"
I/PackageManager( 1551):   Scheme: "mmsto"
I/PackageManager( 1551): Adding preferred activity ComponentInfo{com.android.mms/com.android.mms.ui.ComposeMessageActivity} for user 0 :
I/PackageManager( 1551):   Action: "android.intent.action.SENDTO"
I/PackageManager( 1551):   Category: "android.intent.category.DEFAULT"
I/PackageManager( 1551):   Scheme: "sms"
I/PackageManager( 1551): Adding preferred activity ComponentInfo{com.android.mms/com.android.mms.ui.ComposeMessageActivity} for user 0 :
D/dalvikvm( 1663): GC_FOR_ALLOC freed 491K, 15% free 3435K/4040K, paused 2ms, total 2ms
I/PackageManager( 1551):   Action: "android.intent.action.SENDTO"
I/PackageManager( 1551):   Category: "android.intent.category.DEFAULT"
I/PackageManager( 1551):   Scheme: "smsto"
I/PackageManager( 1551): Adding preferred activity ComponentInfo{com.android.mms/com.android.mms.ui.ComposeMessageActivity} for user 0 :
I/PackageManager( 1551):   Action: "android.intent.action.SENDTO"
I/PackageManager( 1551):   Category: "android.intent.category.DEFAULT"
I/PackageManager( 1551):   Scheme: "mms"
I/PackageManager( 1551): Adding preferred activity ComponentInfo{com.android.mms/com.android.mms.ui.ComposeMessageActivity} for user 0 :
D/dalvikvm( 1551): GC_FOR_ALLOC freed 945K, 18% free 5591K/6748K, paused 4ms, total 4ms
I/PackageManager( 1551):   Action: "android.intent.action.SENDTO"
I/PackageManager( 1551):   Category: "android.intent.category.DEFAULT"
I/PackageManager( 1551):   Scheme: "mmsto"
I/PackageManager( 1551): Adding preferred activity ComponentInfo{com.android.mms/com.android.mms.ui.ComposeMessageActivity} for user 0 :
I/PackageManager( 1551):   Action: "android.intent.action.SENDTO"
I/PackageManager( 1551):   Category: "android.intent.category.DEFAULT"
I/PackageManager( 1551):   Scheme: "sms"
I/PackageManager( 1551): Adding preferred activity ComponentInfo{com.android.mms/com.android.mms.ui.ComposeMessageActivity} for user 0 :
I/PackageManager( 1551):   Action: "android.intent.action.SENDTO"
I/PackageManager( 1551):   Category: "android.intent.category.DEFAULT"
I/PackageManager( 1551):   Scheme: "smsto"
D/AndroidRuntime( 1871): 
D/AndroidRuntime( 1871): >>>>>> AndroidRuntime START com.android.internal.os.RuntimeInit <<<<<<
W/linker  ( 1871): libdvm.so has text relocations. This is wasting memory and is a security risk. Please fix.
I/PackageManager( 1551): Adding preferred activity ComponentInfo{com.android.mms/com.android.mms.ui.ComposeMessageActivity} for user 0 :
I/InputReader( 1551): Reconfiguring input devices.  changes=0x00000010
I/Choreographer( 1551): Skipped 30 frames!  The application may be doing too much work on its main thread.
I/PackageManager( 1551):   Action: "android.intent.action.SENDTO"
I/PackageManager( 1551):   Category: "android.intent.category.DEFAULT"
I/PackageManager( 1551):   Scheme: "mms"
D/AndroidRuntime( 1871): CheckJNI is ON
I/PackageManager( 1551): Adding preferred activity ComponentInfo{com.android.mms/com.android.mms.ui.ComposeMessageActivity} for user 0 :
D/dalvikvm( 1871): Trying to load lib libjavacore.so 0x0
D/dalvikvm( 1871): Added shared lib libjavacore.so 0x0
D/dalvikvm( 1871): Trying to load lib libnativehelper.so 0x0
D/dalvikvm( 1871): Added shared lib libnativehelper.so 0x0
D/dalvikvm( 1871): No JNI_OnLoad found in libnativehelper.so 0x0, skipping init
I/PackageManager( 1551):   Action: "android.intent.action.SENDTO"
I/PackageManager( 1551):   Category: "android.intent.category.DEFAULT"
I/PackageManager( 1551):   Scheme: "mmsto"
I/PackageManager( 1551): Adding preferred activity ComponentInfo{com.android.mms/com.android.mms.ui.ComposeMessageActivity} for user 0 :
D/dalvikvm( 1663): GC_FOR_ALLOC freed 501K, 16% free 3429K/4048K, paused 2ms, total 2ms
D/dalvikvm( 1871): Note: class Landroid/app/ActivityManagerNative; has 179 unimplemented (abstract) methods
I/PackageManager( 1551):   Action: "android.intent.action.SENDTO"
I/PackageManager( 1551):   Category: "android.intent.category.DEFAULT"
I/PackageManager( 1551):   Scheme: "sms"
I/PackageManager( 1551): Adding preferred activity ComponentInfo{com.android.mms/com.android.mms.ui.ComposeMessageActivity} for user 0 :
D/dalvikvm( 1551): GC_FOR_ALLOC freed 727K, 18% free 5553K/6748K, paused 12ms, total 12ms
I/PackageManager( 1551):   Action: "android.intent.action.SENDTO"
I/PackageManager( 1551):   Category: "android.intent.category.DEFAULT"
I/PackageManager( 1551):   Scheme: "smsto"
I/PackageManager( 1551): Adding preferred activity ComponentInfo{com.android.mms/com.android.mms.ui.ComposeMessageActivity} for user 0 :
I/PackageManager( 1551):   Action: "android.intent.action.SENDTO"
I/PackageManager( 1551):   Category: "android.intent.category.DEFAULT"
I/PackageManager( 1551):   Scheme: "mms"
I/PackageManager( 1551): Adding preferred activity ComponentInfo{com.android.mms/com.android.mms.ui.ComposeMessageActivity} for user 0 :
E/memtrack( 1871): Couldn't load memtrack module (No such file or directory)
E/android.os.Debug( 1871): failed to load memtrack module: -2
I/PackageManager( 1551):   Action: "android.intent.action.SENDTO"
I/PackageManager( 1551):   Category: "android.intent.category.DEFAULT"
I/PackageManager( 1551):   Scheme: "mmsto"
I/PackageManager( 1551): Adding preferred activity ComponentInfo{com.android.mms/com.android.mms.ui.ComposeMessageActivity} for user 0 :
D/Tethering( 1551): MasterInitialState.processMessage what=3
D/CaptivePortalTracker( 1551): NoActiveNetworkState{ when=-1ms what=1 obj=NetworkInfo: type: mobile[UMTS], state: CONNECTED/CONNECTED, reason: connected, extra: epc.tmobile.com, roaming: false, failover: false, isAvailable: true, isConnectedToProvisioningNetwork: false target=com.android.internal.util.StateMachine$SmHandler }
D/CaptivePortalTracker( 1551): NoActiveNetworkState not a wifi connectivity change, ignore
E/BluetoothAdapter( 1551): Bluetooth binder is null
E/BluetoothAdapter( 1551): Bluetooth binder is null
E/SoundPool( 1551): error loading /system/media/audio/ui/Effect_Tick.ogg
W/AudioService( 1551): Soundpool could not load file: /system/media/audio/ui/Effect_Tick.ogg
E/SoundPool( 1551): error loading /system/media/audio/ui/Effect_Tick.ogg
W/AudioService( 1551): Soundpool could not load file: /system/media/audio/ui/Effect_Tick.ogg
E/SoundPool( 1551): error loading /system/media/audio/ui/Effect_Tick.ogg
W/AudioService( 1551): Soundpool could not load file: /system/media/audio/ui/Effect_Tick.ogg
E/SoundPool( 1551): error loading /system/media/audio/ui/Effect_Tick.ogg
W/AudioService( 1551): Soundpool could not load file: /system/media/audio/ui/Effect_Tick.ogg
E/SoundPool( 1551): error loading /system/media/audio/ui/Effect_Tick.ogg
W/AudioService( 1551): Soundpool could not load file: /system/media/audio/ui/Effect_Tick.ogg
E/SoundPool( 1551): error loading /system/media/audio/ui/KeypressStandard.ogg
W/AudioService( 1551): Soundpool could not load file: /system/media/audio/ui/KeypressStandard.ogg
E/SoundPool( 1551): error loading /system/media/audio/ui/KeypressSpacebar.ogg
W/AudioService( 1551): Soundpool could not load file: /system/media/audio/ui/KeypressSpacebar.ogg
E/SoundPool( 1551): error loading /system/media/audio/ui/KeypressDelete.ogg
W/AudioService( 1551): Soundpool could not load file: /system/media/audio/ui/KeypressDelete.ogg
E/SoundPool( 1551): error loading /system/media/audio/ui/KeypressReturn.ogg
W/AudioService( 1551): Soundpool could not load file: /system/media/audio/ui/KeypressReturn.ogg
E/SoundPool( 1551): error loading /system/media/audio/ui/KeypressInvalid.ogg
W/AudioService( 1551): Soundpool could not load file: /system/media/audio/ui/KeypressInvalid.ogg
W/AudioService( 1551): onLoadSoundEffects(), Error -1 while loading samples
V/WiredAccessoryManager( 1551): init()
I/PowerManagerService( 1551): Boot animation finished.
D/AndroidRuntime( 1871): Calling main entry com.android.commands.am.Am
D/dalvikvm( 1551): GC_FOR_ALLOC freed 607K, 17% free 5631K/6748K, paused 5ms, total 5ms
I/ActivityManager( 1551): START u0 {act=android.intent.action.MAIN cat=[android.intent.category.LAUNCHER] flg=0x10000000 cmp=com.manish.hellojni/.HelloMainActivity} from pid 1871
I/RecoverySystem( 1551): No recovery log file
I/BootReceiver( 1551): Copying audit failures to DropBox
I/BootReceiver( 1551): Checking for fsck errors
D/GpsLocationProvider( 1551): NTP server returned: 1473616832490 (Sun Sep 11 14:00:32 EDT 2016) reference: 14991 certainty: 35 system time offset: 1499
I/InputReader( 1551): Reconfiguring input devices.  changes=0x00000010
I/InputReader( 1551): Reconfiguring input devices.  changes=0x00000010
D/gralloc ( 1124): Registering a buffer in the process that created it. This may cause memory ordering problems.
E/libEGL  ( 1124): called unimplemented OpenGL ES API
E/libEGL  ( 1124): called unimplemented OpenGL ES API
E/libEGL  ( 1124): called unimplemented OpenGL ES API
E/libEGL  ( 1124): called unimplemented OpenGL ES API
E/SurfaceFlinger( 1124): glCheckFramebufferStatusOES error 1126583957
E/SurfaceFlinger( 1124): got GL_FRAMEBUFFER_COMPLETE_OES error while taking screenshot
E/libEGL  ( 1124): called unimplemented OpenGL ES API
E/libEGL  ( 1124): called unimplemented OpenGL ES API
D/AndroidRuntime( 1871): Shutting down VM
W/WindowManager( 1551): Screenshot failure taking screenshot for (328x546) to layer 21005
D/dalvikvm( 1871): GC_CONCURRENT freed 94K, 15% free 576K/672K, paused 0ms+0ms, total 0ms
I/Choreographer( 1551): Skipped 66 frames!  The application may be doing too much work on its main thread.
D/dalvikvm( 1905): Not late-enabling CheckJNI (already on)
I/ActivityManager( 1551): Start proc com.android.providers.calendar for broadcast com.android.providers.calendar/.CalendarReceiver: pid=1892 uid=10001 gids={50001, 3003, 1028, 1015}
I/ActivityManager( 1551): Start proc com.manish.hellojni for activity com.manish.hellojni/.HelloMainActivity: pid=1905 uid=10053 gids={50053}
D/Tethering( 1551): MasterInitialState.processMessage what=3
D/CaptivePortalTracker( 1551): NoActiveNetworkState{ when=-1ms what=1 obj=NetworkInfo: type: mobile_hipri[UMTS], state: CONNECTED/CONNECTED, reason: dataEnabled, extra: epc.tmobile.com, roaming: false, failover: false, isAvailable: true, isConnectedToProvisioningNetwork: false target=com.android.internal.util.StateMachine$SmHandler }
D/CaptivePortalTracker( 1551): NoActiveNetworkState not a wifi connectivity change, ignore
I/CalendarProvider2( 1892): Created com.android.providers.calendar.CalendarAlarmManager@b1053350(com.android.providers.calendar.CalendarProvider2@b104a980)
I/ActivityManager( 1551): Delay finish: com.android.providers.downloads/.DownloadReceiver
I/ActivityManager( 1551): Resuming delayed broadcast
I/ActivityManager( 1551): Delay finish: com.android.providers.media/.MediaScannerReceiver
W/MediaProvider( 1770): no database for scanned volume external
V/MediaScanner( 1770): pruneDeadThumbnailFiles... android.database.sqlite.SQLiteCursor@b10a4e08
V/MediaScanner( 1770): /pruneDeadThumbnailFiles... android.database.sqlite.SQLiteCursor@b10a4e08
I/ActivityManager( 1551): Resuming delayed broadcast
I/ActivityManager( 1551): Start proc com.android.mms for broadcast com.android.mms/.transaction.MmsSystemEventReceiver: pid=1925 uid=10009 gids={50009, 3003, 1028, 1015}
V/MmsConfig( 1925): mnc/mcc: 310260
V/MmsConfig( 1925): tag: bool value: enabledMMS - true
V/MmsConfig( 1925): tag: int value: maxMessageSize - 307200
V/MmsConfig( 1925): tag: int value: maxImageHeight - 480
V/MmsConfig( 1925): tag: int value: maxImageWidth - 640
V/MmsConfig( 1925): tag: int value: defaultSMSMessagesPerThread - 10000
V/MmsConfig( 1925): tag: int value: defaultMMSMessagesPerThread - 1000
V/MmsConfig( 1925): tag: int value: minMessageCountPerThread - 10
V/MmsConfig( 1925): tag: int value: maxMessageCountPerThread - 5000
V/MmsConfig( 1925): tag: string value: uaProfUrl - http://www.google.com/oha/rdf/ua-profile-kila.xml
V/MmsConfig( 1925): tag: int value: recipientLimit - -1
V/MmsConfig( 1925): tag: bool value: enableMultipartSMS - true
V/MmsConfig( 1925): tag: int value: smsToMmsTextThreshold - -1
V/MmsConfig( 1925): tag: bool value: enableSlideDuration - true
V/MmsConfig( 1925): tag: int value: maxMessageTextSize - -1
D/CountryDetector( 1551): The first listener is added
D/Mms:app ( 1925): cancelNotification
I/ActivityManager( 1551): Delay finish: com.android.mms/.transaction.MmsSystemEventReceiver
I/ActivityManager( 1551): Resuming delayed broadcast
I/ActivityManager( 1551): Delay finish: com.android.mms/.transaction.SmsReceiver
D/MmsSmsDatabaseHelper( 1663): [MmsSmsDb] tableName: threads hasAutoIncrement: CREATE TABLE threads (_id INTEGER PRIMARY KEY AUTOINCREMENT,date INTEGER DEFAULT 0,message_count INTEGER DEFAULT 0,recipient_ids TEXT,snippet TEXT,snippet_cs INTEGER DEFAULT 0,read INTEGER DEFAULT 1,type INTEGER DEFAULT 0,error INTEGER DEFAULT 0,has_attachment INTEGER DEFAULT 0) result: true
D/MmsSmsDatabaseHelper( 1663): [MmsSmsDb] tableName: canonical_addresses hasAutoIncrement: CREATE TABLE canonical_addresses (_id INTEGER PRIMARY KEY AUTOINCREMENT,address TEXT) result: true
D/MmsSmsDatabaseHelper( 1663): [MmsSmsDb] tableName: part hasAutoIncrement: CREATE TABLE part (_id INTEGER PRIMARY KEY AUTOINCREMENT,mid INTEGER,seq INTEGER DEFAULT 0,ct TEXT,name TEXT,chset INTEGER,cd TEXT,fn TEXT,cid TEXT,cl TEXT,ctt_s INTEGER,ctt_t TEXT,_data TEXT,text TEXT) result: true
D/MmsSmsDatabaseHelper( 1663): [MmsSmsDb] tableName: pdu hasAutoIncrement: CREATE TABLE pdu (_id INTEGER PRIMARY KEY AUTOINCREMENT,thread_id INTEGER,date INTEGER,date_sent INTEGER DEFAULT 0,msg_box INTEGER,read INTEGER DEFAULT 0,m_id TEXT,sub TEXT,sub_cs INTEGER,ct_t TEXT,ct_l TEXT,exp INTEGER,m_cls TEXT,m_type INTEGER,v INTEGER,m_size INTEGER,pri INTEGER,rr INTEGER,rpt_a INTEGER,resp_st INTEGER,st INTEGER,tr_id TEXT,retr_st INTEGER,retr_txt TEXT,retr_txt_cs INTEGER,read_status INTEGER,ct_cls INTEGER,resp_txt TEXT,d_tm INTEGER,d_rpt INTEGER,locked INTEGER DEFAULT 0,seen INTEGER DEFAULT 0,text_only INTEGER DEFAULT 0) result: true
D/MmsSmsDatabaseHelper( 1663): [getWritableDatabase] hasAutoIncrementThreads: true hasAutoIncrementAddresses: true hasAutoIncrementPart: true hasAutoIncrementPdu: true
D/Mms:app ( 1925): cancelNotification
I/ActivityManager( 1551): Resuming delayed broadcast
I/ActivityManager( 1551): Start proc com.android.calendar for broadcast com.android.calendar/.alerts.AlertReceiver: pid=1951 uid=10016 gids={50016, 3003}
D/ExtensionsFactory( 1951): No custom extensions.
D/AlertReceiver( 1951): onReceive: a=android.intent.action.BOOT_COMPLETED Intent { act=android.intent.action.BOOT_COMPLETED flg=0x8000010 cmp=com.android.calendar/.alerts.AlertReceiver (has extras) }
I/ActivityManager( 1551): Delay finish: com.android.calendar/.alerts.AlertReceiver
D/AlertUtils( 1951): Flushing old alerts from shared prefs table
D/AlertService( 1951): 0 Action = android.intent.action.BOOT_COMPLETED
D/AlertService( 1951): Scheduling next alarm with AlarmScheduler. sEventReminderReceived: null
D/AlarmScheduler( 1951): No events found starting within 1 week.
D/gralloc_ranchu( 1905): Emulator without host-side GPU emulation detected.
I/ActivityManager( 1551): Displayed com.manish.hellojni/.HelloMainActivity: +1s71ms
I/CalendarProvider2( 1892): Sending notification intent: Intent { act=android.intent.action.PROVIDER_CHANGED dat=content://com.android.calendar }
W/ContentResolver( 1892): Failed to get type for: content://com.android.calendar (Unknown URL content://com.android.calendar)
V/AlarmClock( 1793): AlarmInitReceiver android.intent.action.BOOT_COMPLETED
I/ActivityManager( 1551): Resuming delayed broadcast
D/dalvikvm( 1551): GC_FOR_ALLOC freed 325K, 13% free 5870K/6748K, paused 4ms, total 6ms
V/AlarmClock( 1793): AlarmInitReceiver - Reset timers and clear stopwatch data
I/AlarmClock( 1793): Displaying next alarm time: ''
V/AlarmClock( 1793): AlarmInitReceiver finished
I/ActivityManager( 1551): Start proc com.android.email for broadcast com.android.email/.service.EmailBroadcastReceiver: pid=1974 uid=10024 gids={50024, 3003, 1028, 1015}
E/jdwp    ( 1974): Failed sending reply to debugger: Broken pipe
D/dalvikvm( 1974): Debugger has detached; object registry had 1 entries
D/ActivityThread( 1974): Loading provider com.android.email.provider;com.android.email.notifier: com.android.email.provider.EmailProvider
I/ActivityManager( 1551): Delay finish: com.android.email/.service.EmailBroadcastReceiver
D/dalvikvm( 1974): GC_CONCURRENT freed 204K, 10% free 3024K/3340K, paused 1ms+1ms, total 4ms
W/ActivityManager( 1551): Unable to start service Intent { cmp=com.android.email/.service.AttachmentDownloadService } U=0: not found
I/Email   ( 1974): Observing account changes for notifications
W/ActivityManager( 1551): Unable to start service Intent { cmp=com.android.email/.service.AttachmentDownloadService } U=0: not found
I/ActivityManager( 1551): Delaying start of: ServiceRecord{b1362120 u0 com.android.exchange/.service.EmailSyncAdapterService}
I/ActivityManager( 1551): Start proc com.android.exchange for service com.android.exchange/.service.EmailSyncAdapterService: pid=1995 uid=10025 gids={50025, 3003, 1028, 1015}
I/LauncherIconVisibilityManager( 1637): Boot has been completed
I/LauncherIconVisibilityManager( 1637): Activity has already been disabled: ComponentInfo{com.android.inputmethod.latin/com.android.inputmethod.latin.setup.SetupActivity}
I/ActivityManager( 1551): Resuming delayed broadcast
I/ActivityManager( 1551): Start proc com.android.keychain for broadcast com.android.keychain/.KeyChainBroadcastReceiver: pid=2010 uid=1000 gids={41000, 1028, 1015, 3002, 3001, 3003}
W/ContextImpl( 2010): Calling a method in the system process without a qualified user: android.app.ContextImpl.startService:1479 android.content.ContextWrapper.startService:494 android.content.ContextWrapper.startService:494 com.android.keychain.KeyChainBroadcastReceiver.onReceive:12 android.app.ActivityThread.handleReceiver:2419 
I/ActivityManager( 1551): Delay finish: com.android.keychain/.KeyChainBroadcastReceiver
I/ActivityManager( 1551): Resuming delayed broadcast
D/dalvikvm( 1125): GC_EXPLICIT freed 38K, 6% free 2826K/2976K, paused 0ms+0ms, total 19ms
D/dalvikvm( 1125): GC_EXPLICIT freed <1K, 6% free 2826K/2976K, paused 0ms+0ms, total 2ms
I/ActivityManager( 1551): Start proc com.svox.pico for broadcast com.svox.pico/.VoiceDataInstallerReceiver: pid=2024 uid=10037 gids={50037, 1028, 1015}
D/dalvikvm( 1125): GC_EXPLICIT freed <1K, 6% free 2826K/2976K, paused 0ms+0ms, total 3ms
I/ActivityManager( 1551): Delay finish: com.android.settings/.widget.SettingsAppWidgetProvider
D/dalvikvm( 1770): GC_FOR_ALLOC freed 278K, 12% free 3051K/3436K, paused 2ms, total 2ms
E/BluetoothAdapter( 1652): Bluetooth binder is null
I/ActivityManager( 1551): Resuming delayed broadcast
V/SmsReceiverService( 1925): onStart: #1 mResultCode: -1 = Activity.RESULT_OK
D/dalvikvm( 1925): GC_FOR_ALLOC freed 295K, 12% free 3043K/3448K, paused 2ms, total 2ms
I/ActivityManager( 1551): Delay finish: com.android.mms/.transaction.SmsReceiver
E/StrictMode( 1925): A resource was acquired at attached stack trace but never released. See java.io.Closeable for information on avoiding resource leaks.
E/StrictMode( 1925): java.lang.Throwable: Explicit termination method 'release' not called
E/StrictMode( 1925): 	at dalvik.system.CloseGuard.open(CloseGuard.java:184)
E/StrictMode( 1925): 	at android.drm.DrmManagerClient.<init>(DrmManagerClient.java:258)
E/StrictMode( 1925): 	at com.google.android.mms.pdu.PduPersister.<init>(PduPersister.java:288)
E/StrictMode( 1925): 	at com.google.android.mms.pdu.PduPersister.getPduPersister(PduPersister.java:296)
E/StrictMode( 1925): 	at com.android.mms.transaction.TransactionService.onNewIntent(TransactionService.java:224)
E/StrictMode( 1925): 	at com.android.mms.transaction.TransactionService$ServiceHandler.handleMessage(TransactionService.java:621)
E/StrictMode( 1925): 	at android.os.Handler.dispatchMessage(Handler.java:102)
E/StrictMode( 1925): 	at android.os.Looper.loop(Looper.java:136)
E/StrictMode( 1925): 	at android.os.HandlerThread.run(HandlerThread.java:61)
D/AlertReceiver( 1951): onReceive: a=android.intent.action.PROVIDER_CHANGED Intent { act=android.intent.action.PROVIDER_CHANGED dat=content://com.android.calendar flg=0x10 cmp=com.android.calendar/.alerts.AlertReceiver }
I/ActivityManager( 1551): Resuming delayed broadcast
I/ActivityManager( 1551): Delay finish: com.android.calendar/.alerts.AlertReceiver
D/AlertService( 1951): 0 Action = android.intent.action.PROVIDER_CHANGED
D/ConnectivityService( 1551): [CheckMp] isMobileOk: addresses=clients3.google.com/216.58.203.78
D/ConnectivityService( 1551): [CheckMp] isMobileOk: linkHasIpv4=true linkHasIpv6=false
D/ConnectivityService( 1551): requestRouteToHostAddress ok=true
D/ConnectivityService( 1551): [CheckMp] isMobileOk: wait to establish route to hostAddr=clients3.google.com/216.58.203.78
D/dalvikvm( 1551): GC_EXPLICIT freed 377K, 15% free 5748K/6748K, paused 0ms+1ms, total 5ms
D/ConnectivityService( 1551): [CheckMp] isMobileOk: newUrl=https://216.58.203.78/generate_204
W/ActivityThread( 1551): ClassLoader.loadClass: The class loader returned by Thread.getContextClassLoader() may fail for processes that host multiple applications. You should explicitly specify a context class loader. For example: Thread.setContextClassLoader(getClass().getClassLoader());
D/ConnectivityService( 1551): [CheckMp] isMobileOk: hostnameVerify retVal=true hostname=216.58.203.78 orgUriHost=clients3.google.com
D/ConnectivityService( 1551): [CheckMp] isMobileOk: headers={null=[HTTP/1.1 204 No Content], Alt-Svc=[quic=":443"; ma=2592000; v="36,35,34,33,32"], Connection=[close], Content-Length=[0], Date=[Sun, 11 Sep 2016 18:00:38 GMT], X-Android-Received-Millis=[1473616837019], X-Android-Response-Source=[NETWORK 204], X-Android-Selected-Transport=[http/1.1], X-Android-Sent-Millis=[1473616837012]}
D/ConnectivityService( 1551): [CheckMp] isMobileOk: X got expected responseCode=204 result=1
D/ConnectivityService( 1551): [CheckMp] isMobileOk: F stop hipri
D/MobileDataStateTracker( 1551): default: setEnableFailFastMobileData(enabled=0)
D/ConnectivityService( 1551): stopUsingNetworkFeature: teardown net 0: enableHIPRI
D/dalvikvm( 1663): GC_FOR_ALLOC freed 536K, 16% free 3405K/4048K, paused 4ms, total 8ms
D/MobileDataStateTracker( 1551): hipri: Broadcast received: android.intent.action.ANY_DATA_STATE apnType=hipri
D/MobileDataStateTracker( 1551): hipri: Received state=DISCONNECTED, old=CONNECTED, reason=dataDisabled
D/MobileDataStateTracker( 1551): hipri: setDetailed state, old =CONNECTED and new state=DISCONNECTED
D/ConnectivityService( 1551): ConnectivityChange for mobile_hipri: DISCONNECTED/DISCONNECTED
D/Nat464Xlat( 1551): requiresClat: netType=5, hasIPv4Address=true
D/dalvikvm( 1551): GC_FOR_ALLOC freed 806K, 16% free 5677K/6748K, paused 9ms, total 9ms
D/dalvikvm( 1551): GC_FOR_ALLOC freed 722K, 16% free 5671K/6748K, paused 10ms, total 10ms
D/dalvikvm( 1551): GC_FOR_ALLOC freed 716K, 16% free 5670K/6748K, paused 4ms, total 4ms
D/dalvikvm( 1551): GC_FOR_ALLOC freed 714K, 16% free 5671K/6748K, paused 5ms, total 5ms
I/GlobalDismissManager( 1951): no sender configured
D/AlertService( 1951): Beginning updateAlertNotification
D/AlertService( 1951): No fired or scheduled alerts
D/AlertService( 1951): Scheduling next alarm with AlarmScheduler. sEventReminderReceived: null
D/AlarmScheduler( 1951): No events found starting within 1 week.
I/ActivityManager( 1551): Resuming delayed broadcast
I/ActivityManager( 1551): Delay finish: com.android.providers.calendar/.CalendarProviderBroadcastReceiver
I/ActivityManager( 1551): Resuming delayed broadcast
D/dalvikvm( 1551): GC_FOR_ALLOC freed 711K, 16% free 5675K/6748K, paused 5ms, total 5ms
D/dalvikvm( 1551): GC_FOR_ALLOC freed 719K, 16% free 5672K/6748K, paused 4ms, total 4ms
D/dalvikvm( 1551): GC_FOR_ALLOC freed 716K, 16% free 5672K/6748K, paused 5ms, total 5ms
D/dalvikvm( 1551): GC_FOR_ALLOC freed 716K, 16% free 5672K/6748K, paused 5ms, total 5ms
D/dalvikvm( 1551): GC_FOR_ALLOC freed 717K, 16% free 5671K/6748K, paused 23ms, total 23ms
D/dalvikvm( 1551): GC_FOR_ALLOC freed 716K, 16% free 5671K/6748K, paused 6ms, total 6ms
D/dalvikvm( 1551): GC_FOR_ALLOC freed 715K, 16% free 5671K/6748K, paused 6ms, total 6ms
D/dalvikvm( 1551): GC_FOR_ALLOC freed 715K, 16% free 5671K/6748K, paused 5ms, total 5ms
D/dalvikvm( 1551): GC_FOR_ALLOC freed 716K, 16% free 5671K/6748K, paused 5ms, total 5ms
D/dalvikvm( 1551): GC_FOR_ALLOC freed 716K, 16% free 5671K/6748K, paused 5ms, total 5ms
D/dalvikvm( 1551): GC_FOR_ALLOC freed 716K, 16% free 5671K/6748K, paused 5ms, total 5ms
D/dalvikvm( 1551): GC_FOR_ALLOC freed 715K, 16% free 5671K/6748K, paused 5ms, total 5ms
D/dalvikvm( 1551): GC_FOR_ALLOC freed 716K, 16% free 5671K/6748K, paused 5ms, total 5ms
D/dalvikvm( 1551): GC_FOR_ALLOC freed 716K, 16% free 5671K/6748K, paused 20ms, total 20ms
D/dalvikvm( 1551): GC_FOR_ALLOC freed 715K, 16% free 5671K/6748K, paused 5ms, total 5ms
D/dalvikvm( 1551): GC_FOR_ALLOC freed 716K, 16% free 5671K/6748K, paused 5ms, total 5ms
D/dalvikvm( 1551): GC_FOR_ALLOC freed 716K, 16% free 5671K/6748K, paused 5ms, total 5ms
D/dalvikvm( 1551): GC_FOR_ALLOC freed 715K, 16% free 5671K/6748K, paused 6ms, total 6ms
D/dalvikvm( 1551): GC_FOR_ALLOC freed 716K, 16% free 5671K/6748K, paused 4ms, total 4ms
D/dalvikvm( 1551): GC_FOR_ALLOC freed 716K, 16% free 5671K/6748K, paused 5ms, total 5ms
D/dalvikvm( 1551): GC_FOR_ALLOC freed 715K, 16% free 5671K/6748K, paused 5ms, total 5ms
D/dalvikvm( 1551): GC_FOR_ALLOC freed 716K, 16% free 5671K/6748K, paused 4ms, total 4ms
D/dalvikvm( 1551): GC_FOR_ALLOC freed 716K, 16% free 5671K/6748K, paused 5ms, total 5ms
D/dalvikvm( 1551): GC_FOR_ALLOC freed 715K, 16% free 5671K/6748K, paused 23ms, total 23ms
D/dalvikvm( 1551): GC_FOR_ALLOC freed 716K, 16% free 5671K/6748K, paused 6ms, total 6ms
D/Tethering( 1551): MasterInitialState.processMessage what=3
D/Tethering( 1551): MasterInitialState.processMessage what=3
D/CaptivePortalTracker( 1551): NoActiveNetworkState{ when=0 what=1 obj=NetworkInfo: type: mobile_hipri[UMTS], state: DISCONNECTED/DISCONNECTED, reason: dataDisabled, extra: epc.tmobile.com, roaming: false, failover: false, isAvailable: true, isConnectedToProvisioningNetwork: false target=com.android.internal.util.StateMachine$SmHandler }
D/CaptivePortalTracker( 1551): NoActiveNetworkState not a wifi connectivity change, ignore
D/CaptivePortalTracker( 1551): NoActiveNetworkState{ when=0 what=1 obj=NetworkInfo: type: mobile[UMTS], state: CONNECTED/CONNECTED, reason: connected, extra: epc.tmobile.com, roaming: false, failover: false, isAvailable: true, isConnectedToProvisioningNetwork: false target=com.android.internal.util.StateMachine$SmHandler }
D/CaptivePortalTracker( 1551): NoActiveNetworkState not a wifi connectivity change, ignore
D/dalvikvm( 1551): GC_FOR_ALLOC freed 706K, 16% free 5681K/6748K, paused 5ms, total 5ms
D/dalvikvm( 1551): GC_FOR_ALLOC freed 723K, 16% free 5676K/6748K, paused 7ms, total 7ms
D/dalvikvm( 1551): GC_FOR_ALLOC freed 716K, 16% free 5676K/6748K, paused 5ms, total 5ms
D/dalvikvm( 1551): GC_FOR_ALLOC freed 717K, 16% free 5675K/6748K, paused 5ms, total 5ms
D/dalvikvm( 1551): GC_FOR_ALLOC freed 716K, 16% free 5676K/6748K, paused 5ms, total 5ms
D/dalvikvm( 1551): GC_FOR_ALLOC freed 716K, 16% free 5676K/6748K, paused 5ms, total 5ms
D/dalvikvm( 1551): GC_FOR_ALLOC freed 716K, 16% free 5676K/6748K, paused 5ms, total 5ms
D/dalvikvm( 1551): GC_FOR_ALLOC freed 716K, 16% free 5676K/6748K, paused 20ms, total 20ms
D/dalvikvm( 1551): GC_FOR_ALLOC freed 716K, 16% free 5676K/6748K, paused 5ms, total 5ms
D/dalvikvm( 1551): GC_FOR_ALLOC freed 716K, 16% free 5676K/6748K, paused 5ms, total 5ms
D/dalvikvm( 1551): GC_FOR_ALLOC freed 716K, 16% free 5676K/6748K, paused 5ms, total 5ms
D/dalvikvm( 1551): GC_FOR_ALLOC freed 716K, 16% free 5676K/6748K, paused 4ms, total 4ms
D/dalvikvm( 1551): GC_FOR_ALLOC freed 717K, 16% free 5675K/6748K, paused 6ms, total 6ms
D/dalvikvm( 1551): GC_FOR_ALLOC freed 716K, 16% free 5676K/6748K, paused 5ms, total 5ms
D/dalvikvm( 1551): GC_FOR_ALLOC freed 716K, 16% free 5676K/6748K, paused 19ms, total 19ms
D/dalvikvm( 1551): GC_FOR_ALLOC freed 717K, 16% free 5676K/6748K, paused 5ms, total 5ms
D/dalvikvm( 1551): GC_FOR_ALLOC freed 716K, 16% free 5676K/6748K, paused 5ms, total 5ms
D/dalvikvm( 1551): GC_FOR_ALLOC freed 716K, 16% free 5676K/6748K, paused 5ms, total 5ms
D/dalvikvm( 1551): GC_FOR_ALLOC freed 716K, 16% free 5676K/6748K, paused 21ms, total 21ms
D/dalvikvm( 1551): GC_FOR_ALLOC freed 716K, 16% free 5676K/6748K, paused 5ms, total 5ms
D/dalvikvm( 1551): GC_FOR_ALLOC freed 717K, 16% free 5675K/6748K, paused 5ms, total 5ms
D/dalvikvm( 1551): GC_FOR_ALLOC freed 716K, 16% free 5676K/6748K, paused 4ms, total 4ms
D/dalvikvm( 1551): GC_FOR_ALLOC freed 716K, 16% free 5676K/6748K, paused 19ms, total 19ms
D/dalvikvm( 1551): GC_FOR_ALLOC freed 717K, 16% free 5676K/6748K, paused 5ms, total 5ms
I/ActivityManager( 1551): Waited long enough for: ServiceRecord{b12fcf98 u0 com.android.music/.MediaPlaybackService}
D/dalvikvm( 1551): GC_FOR_ALLOC freed 716K, 16% free 5676K/6748K, paused 5ms, total 5ms
D/dalvikvm( 1551): GC_FOR_ALLOC freed 716K, 16% free 5676K/6748K, paused 5ms, total 5ms
D/dalvikvm( 1551): GC_FOR_ALLOC freed 716K, 16% free 5676K/6748K, paused 5ms, total 5ms
D/dalvikvm( 1551): GC_FOR_ALLOC freed 716K, 16% free 5676K/6748K, paused 5ms, total 5ms
D/dalvikvm( 1551): GC_FOR_ALLOC freed 716K, 16% free 5676K/6748K, paused 5ms, total 5ms
D/dalvikvm( 1551): GC_FOR_ALLOC freed 716K, 16% free 5676K/6748K, paused 6ms, total 6ms
D/dalvikvm( 1551): GC_FOR_ALLOC freed 716K, 16% free 5676K/6748K, paused 4ms, total 4ms
D/dalvikvm( 1551): GC_FOR_ALLOC freed 716K, 16% free 5676K/6748K, paused 5ms, total 5ms
D/dalvikvm( 1551): GC_FOR_ALLOC freed 717K, 16% free 5676K/6748K, paused 4ms, total 4ms
D/ConnectivityService( 1551): [CheckMp] isMobileOk: X result=1
D/ConnectivityService( 1551): [CheckMp] onPostExecute: result=1
D/ConnectivityService( 1551): CheckMp.onComplete: result=1
D/ConnectivityService( 1551): CheckMp.onComplete: ignore, connected or no connection
I/ActivityManager( 1551): Waited long enough for: ServiceRecord{b12b5b90 u0 com.android.calendar/.alerts.InitAlarmsService}
D/dalvikvm( 1905): Trying to load lib /data/app-lib/com.manish.hellojni-2/libhellojni.so 0xb103e478
D/dalvikvm( 1905): Added shared lib /data/app-lib/com.manish.hellojni-2/libhellojni.so 0xb103e478
D/dalvikvm( 1905): No JNI_OnLoad found in /data/app-lib/com.manish.hellojni-2/libhellojni.so 0xb103e478, skipping init
W/dalvikvm( 1905): No implementation found for native Lcom/manish/hellojni/HelloMainActivity;.print:()Ljava/lang/String;
D/AndroidRuntime( 1905): Shutting down VM
W/dalvikvm( 1905): threadid=1: thread exiting with uncaught exception (group=0xb0d63b20)
E/SoundPool( 1551): error loading /system/media/audio/ui/Effect_Tick.ogg
W/AudioService( 1551): Soundpool could not load file: /system/media/audio/ui/Effect_Tick.ogg
E/SoundPool( 1551): error loading /system/media/audio/ui/Effect_Tick.ogg
W/AudioService( 1551): Soundpool could not load file: /system/media/audio/ui/Effect_Tick.ogg
E/SoundPool( 1551): error loading /system/media/audio/ui/Effect_Tick.ogg
W/AudioService( 1551): Soundpool could not load file: /system/media/audio/ui/Effect_Tick.ogg
E/SoundPool( 1551): error loading /system/media/audio/ui/Effect_Tick.ogg
W/AudioService( 1551): Soundpool could not load file: /system/media/audio/ui/Effect_Tick.ogg
E/SoundPool( 1551): error loading /system/media/audio/ui/Effect_Tick.ogg
W/AudioService( 1551): Soundpool could not load file: /system/media/audio/ui/Effect_Tick.ogg
E/SoundPool( 1551): error loading /system/media/audio/ui/KeypressStandard.ogg
W/AudioService( 1551): Soundpool could not load file: /system/media/audio/ui/KeypressStandard.ogg
E/SoundPool( 1551): error loading /system/media/audio/ui/KeypressSpacebar.ogg
W/AudioService( 1551): Soundpool could not load file: /system/media/audio/ui/KeypressSpacebar.ogg
E/SoundPool( 1551): error loading /system/media/audio/ui/KeypressDelete.ogg
W/AudioService( 1551): Soundpool could not load file: /system/media/audio/ui/KeypressDelete.ogg
E/SoundPool( 1551): error loading /system/media/audio/ui/KeypressReturn.ogg
W/AudioService( 1551): Soundpool could not load file: /system/media/audio/ui/KeypressReturn.ogg
E/SoundPool( 1551): error loading /system/media/audio/ui/KeypressInvalid.ogg
W/AudioService( 1551): Soundpool could not load file: /system/media/audio/ui/KeypressInvalid.ogg
W/AudioService( 1551): onLoadSoundEffects(), Error -1 while loading samples
E/AndroidRuntime( 1905): FATAL EXCEPTION: main
E/AndroidRuntime( 1905): Process: com.manish.hellojni, PID: 1905
E/AndroidRuntime( 1905): java.lang.UnsatisfiedLinkError: Native method not found: com.manish.hellojni.HelloMainActivity.print:()Ljava/lang/String;
E/AndroidRuntime( 1905): 	at com.manish.hellojni.HelloMainActivity.print(Native Method)
E/AndroidRuntime( 1905): 	at com.manish.hellojni.HelloMainActivity.access$0(HelloMainActivity.java:16)
E/AndroidRuntime( 1905): 	at com.manish.hellojni.HelloMainActivity$1.onClick(HelloMainActivity.java:43)
E/AndroidRuntime( 1905): 	at android.view.View.performClick(View.java:4438)
E/AndroidRuntime( 1905): 	at android.view.View$PerformClick.run(View.java:18422)
E/AndroidRuntime( 1905): 	at android.os.Handler.handleCallback(Handler.java:733)
E/AndroidRuntime( 1905): 	at android.os.Handler.dispatchMessage(Handler.java:95)
E/AndroidRuntime( 1905): 	at android.os.Looper.loop(Looper.java:136)
E/AndroidRuntime( 1905): 	at android.app.ActivityThread.main(ActivityThread.java:5017)
E/AndroidRuntime( 1905): 	at java.lang.reflect.Method.invokeNative(Native Method)
E/AndroidRuntime( 1905): 	at java.lang.reflect.Method.invoke(Method.java:515)
E/AndroidRuntime( 1905): 	at com.android.internal.os.ZygoteInit$MethodAndArgsCaller.run(ZygoteInit.java:779)
E/AndroidRuntime( 1905): 	at com.android.internal.os.ZygoteInit.main(ZygoteInit.java:595)
E/AndroidRuntime( 1905): 	at dalvik.system.NativeStart.main(Native Method)
W/ActivityManager( 1551):   Force finishing activity com.manish.hellojni/.HelloMainActivity
D/gralloc ( 1124): Registering a buffer in the process that created it. This may cause memory ordering problems.
E/libEGL  ( 1124): called unimplemented OpenGL ES API
E/libEGL  ( 1124): called unimplemented OpenGL ES API
E/libEGL  ( 1124): called unimplemented OpenGL ES API
E/libEGL  ( 1124): called unimplemented OpenGL ES API
E/SurfaceFlinger( 1124): glCheckFramebufferStatusOES error 1126583957
E/SurfaceFlinger( 1124): got GL_FRAMEBUFFER_COMPLETE_OES error while taking screenshot
E/libEGL  ( 1124): called unimplemented OpenGL ES API
E/libEGL  ( 1124): called unimplemented OpenGL ES API
W/WindowManager( 1551): Screenshot failure taking screenshot for (328x546) to layer 21010
D/dalvikvm( 1551): GC_FOR_ALLOC freed 687K, 16% free 5702K/6748K, paused 9ms, total 10ms
D/dalvikvm( 1551): GC_FOR_ALLOC freed 1K, 15% free 5799K/6748K, paused 13ms, total 13ms
I/dalvikvm-heap( 1551): Grow heap (frag case) to 6.849MB for 1127532-byte allocation
D/dalvikvm( 1551): GC_FOR_ALLOC freed <1K, 13% free 6900K/7852K, paused 6ms, total 6ms
W/ActivityManager( 1551): Activity pause timeout for ActivityRecord{b12b9388 u0 com.manish.hellojni/.HelloMainActivity t2 f}
D/InitAlarmsService( 1951): Clearing and rescheduling alarms.
E/SoundPool( 1551): error loading /system/media/audio/ui/Effect_Tick.ogg
W/AudioService( 1551): Soundpool could not load file: /system/media/audio/ui/Effect_Tick.ogg
E/SoundPool( 1551): error loading /system/media/audio/ui/Effect_Tick.ogg
W/AudioService( 1551): Soundpool could not load file: /system/media/audio/ui/Effect_Tick.ogg
E/SoundPool( 1551): error loading /system/media/audio/ui/Effect_Tick.ogg
W/AudioService( 1551): Soundpool could not load file: /system/media/audio/ui/Effect_Tick.ogg
E/SoundPool( 1551): error loading /system/media/audio/ui/Effect_Tick.ogg
W/AudioService( 1551): Soundpool could not load file: /system/media/audio/ui/Effect_Tick.ogg
E/SoundPool( 1551): error loading /system/media/audio/ui/Effect_Tick.ogg
W/AudioService( 1551): Soundpool could not load file: /system/media/audio/ui/Effect_Tick.ogg
I/Process ( 1905): Sending signal. PID: 1905 SIG: 9
E/SoundPool( 1551): error loading /system/media/audio/ui/KeypressStandard.ogg
W/AudioService( 1551): Soundpool could not load file: /system/media/audio/ui/KeypressStandard.ogg
E/SoundPool( 1551): error loading /system/media/audio/ui/KeypressSpacebar.ogg
W/AudioService( 1551): Soundpool could not load file: /system/media/audio/ui/KeypressSpacebar.ogg
E/SoundPool( 1551): error loading /system/media/audio/ui/KeypressDelete.ogg
W/AudioService( 1551): Soundpool could not load file: /system/media/audio/ui/KeypressDelete.ogg
E/SoundPool( 1551): error loading /system/media/audio/ui/KeypressReturn.ogg
W/AudioService( 1551): Soundpool could not load file: /system/media/audio/ui/KeypressReturn.ogg
E/SoundPool( 1551): error loading /system/media/audio/ui/KeypressInvalid.ogg
W/AudioService( 1551): Soundpool could not load file: /system/media/audio/ui/KeypressInvalid.ogg
W/AudioService( 1551): onLoadSoundEffects(), Error -1 while loading samples
W/InputDispatcher( 1551): channel 'b1350258 com.manish.hellojni/com.manish.hellojni.HelloMainActivity (server)' ~ Consumer closed input channel or an error occurred.  events=0xd
E/InputDispatcher( 1551): channel 'b1350258 com.manish.hellojni/com.manish.hellojni.HelloMainActivity (server)' ~ Channel is unrecoverably broken and will be disposed!
I/ActivityManager( 1551): Process com.manish.hellojni (pid 1905) has died.
I/Choreographer( 1551): Skipped 30 frames!  The application may be doing too much work on its main thread.
I/Choreographer( 1551): Skipped 127 frames!  The application may be doing too much work on its main thread.
W/InputDispatcher( 1551): Attempted to unregister already unregistered input channel 'b1350258 com.manish.hellojni/com.manish.hellojni.HelloMainActivity (server)'
I/WindowState( 1551): WIN DEATH: Window{b1350258 u0 com.manish.hellojni/com.manish.hellojni.HelloMainActivity}
W/InputMethodManagerService( 1551): Got RemoteException sending setActive(false) notification to pid 1905 uid 10053
W/Binder  ( 1637): Caught a RuntimeException from the binder stub implementation.
W/Binder  ( 1637): java.lang.NullPointerException
W/Binder  ( 1637): 	at android.inputmethodservice.IInputMethodWrapper.setSessionEnabled(IInputMethodWrapper.java:280)
W/Binder  ( 1637): 	at com.android.internal.view.IInputMethod$Stub.onTransact(IInputMethod.java:129)
W/Binder  ( 1637): 	at android.os.Binder.execTransact(Binder.java:404)
W/Binder  ( 1637): 	at dalvik.system.NativeStart.run(Native Method)
I/MediaFocusControl( 1551):  AudioFocus  abandonAudioFocus() from android.media.AudioManager@b1045cc8com.android.music.MediaPlaybackService$3@b1044bc8
D/        ( 1551): Setting time of day to sec=1473616889
D/ConnectivityService( 1551): Sampling interval elapsed, updating statistics ..
D/ConnectivityService( 1551): Done.
D/ConnectivityService( 1551): Setting timer for 720seconds
V/AlarmClock( 1793): AlarmInitReceiver android.intent.action.TIME_SET
I/AlarmClock( 1793): Displaying next alarm time: ''
V/AlarmClock( 1793): AlarmInitReceiver finished
D/AndroidRuntime( 2082): 
D/AndroidRuntime( 2082): >>>>>> AndroidRuntime START com.android.internal.os.RuntimeInit <<<<<<
W/linker  ( 2082): libdvm.so has text relocations. This is wasting memory and is a security risk. Please fix.
D/AndroidRuntime( 2082): CheckJNI is ON
D/dalvikvm( 2082): Trying to load lib libjavacore.so 0x0
D/dalvikvm( 2082): Added shared lib libjavacore.so 0x0
D/dalvikvm( 2082): Trying to load lib libnativehelper.so 0x0
D/dalvikvm( 2082): Added shared lib libnativehelper.so 0x0
D/dalvikvm( 2082): No JNI_OnLoad found in libnativehelper.so 0x0, skipping init
D/dalvikvm( 2082): Note: class Landroid/app/ActivityManagerNative; has 179 unimplemented (abstract) methods
E/memtrack( 2082): Couldn't load memtrack module (No such file or directory)
E/android.os.Debug( 2082): failed to load memtrack module: -2
D/AndroidRuntime( 2082): Calling main entry com.android.commands.pm.Pm
D/AndroidRuntime( 2082): Shutting down VM
D/jdwp    ( 2082): Got wake-up signal, bailing out of select
D/dalvikvm( 2082): Debugger has detached; object registry had 1 entries
I/AndroidRuntime( 2082): NOTE: attach of thread 'Binder_1' failed
D/AndroidRuntime( 2092): 
D/AndroidRuntime( 2092): >>>>>> AndroidRuntime START com.android.internal.os.RuntimeInit <<<<<<
W/linker  ( 2092): libdvm.so has text relocations. This is wasting memory and is a security risk. Please fix.
D/AndroidRuntime( 2092): CheckJNI is ON
D/dalvikvm( 2092): Trying to load lib libjavacore.so 0x0
D/dalvikvm( 2092): Added shared lib libjavacore.so 0x0
D/dalvikvm( 2092): Trying to load lib libnativehelper.so 0x0
D/dalvikvm( 2092): Added shared lib libnativehelper.so 0x0
D/dalvikvm( 2092): No JNI_OnLoad found in libnativehelper.so 0x0, skipping init
D/dalvikvm( 2092): Note: class Landroid/app/ActivityManagerNative; has 179 unimplemented (abstract) methods
E/memtrack( 2092): Couldn't load memtrack module (No such file or directory)
E/android.os.Debug( 2092): failed to load memtrack module: -2
D/AndroidRuntime( 2092): Calling main entry com.android.commands.am.Am
D/gralloc ( 1124): Registering a buffer in the process that created it. This may cause memory ordering problems.
E/libEGL  ( 1124): called unimplemented OpenGL ES API
E/libEGL  ( 1124): called unimplemented OpenGL ES API
E/libEGL  ( 1124): called unimplemented OpenGL ES API
E/libEGL  ( 1124): called unimplemented OpenGL ES API
E/SurfaceFlinger( 1124): glCheckFramebufferStatusOES error 1126583957
E/SurfaceFlinger( 1124): got GL_FRAMEBUFFER_COMPLETE_OES error while taking screenshot
E/libEGL  ( 1124): called unimplemented OpenGL ES API
E/libEGL  ( 1124): called unimplemented OpenGL ES API
I/ActivityManager( 1551): START u0 {act=android.intent.action.MAIN cat=[android.intent.category.LAUNCHER] flg=0x10000000 cmp=com.manish.hellojni/.HelloMainActivity} from pid 2092
D/dalvikvm( 2103): Not late-enabling CheckJNI (already on)
D/AndroidRuntime( 2092): Shutting down VM
D/dalvikvm( 2092): Debugger has detached; object registry had 1 entries
W/WindowManager( 1551): Screenshot failure taking screenshot for (328x546) to layer 21005
I/ActivityManager( 1551): Start proc com.manish.hellojni for activity com.manish.hellojni/.HelloMainActivity: pid=2103 uid=10053 gids={50053}
D/gralloc_ranchu( 2103): Emulator without host-side GPU emulation detected.
I/ActivityManager( 1551): Displayed com.manish.hellojni/.HelloMainActivity: +1s563ms
D/dalvikvm( 2103): Trying to load lib /data/app-lib/com.manish.hellojni-2/libhellojni.so 0xb103b148
D/dalvikvm( 2103): Added shared lib /data/app-lib/com.manish.hellojni-2/libhellojni.so 0xb103b148
D/dalvikvm( 2103): No JNI_OnLoad found in /data/app-lib/com.manish.hellojni-2/libhellojni.so 0xb103b148, skipping init
W/dalvikvm( 2103): No implementation found for native Lcom/manish/hellojni/HelloMainActivity;.print:()Ljava/lang/String;
D/AndroidRuntime( 2103): Shutting down VM
W/dalvikvm( 2103): threadid=1: thread exiting with uncaught exception (group=0xb0d63b20)
E/SoundPool( 1551): error loading /system/media/audio/ui/Effect_Tick.ogg
W/AudioService( 1551): Soundpool could not load file: /system/media/audio/ui/Effect_Tick.ogg
E/SoundPool( 1551): error loading /system/media/audio/ui/Effect_Tick.ogg
W/AudioService( 1551): Soundpool could not load file: /system/media/audio/ui/Effect_Tick.ogg
E/SoundPool( 1551): error loading /system/media/audio/ui/Effect_Tick.ogg
W/AudioService( 1551): Soundpool could not load file: /system/media/audio/ui/Effect_Tick.ogg
E/SoundPool( 1551): error loading /system/media/audio/ui/Effect_Tick.ogg
W/AudioService( 1551): Soundpool could not load file: /system/media/audio/ui/Effect_Tick.ogg
E/SoundPool( 1551): error loading /system/media/audio/ui/Effect_Tick.ogg
W/AudioService( 1551): Soundpool could not load file: /system/media/audio/ui/Effect_Tick.ogg
E/SoundPool( 1551): error loading /system/media/audio/ui/KeypressStandard.ogg
W/AudioService( 1551): Soundpool could not load file: /system/media/audio/ui/KeypressStandard.ogg
E/SoundPool( 1551): error loading /system/media/audio/ui/KeypressSpacebar.ogg
W/AudioService( 1551): Soundpool could not load file: /system/media/audio/ui/KeypressSpacebar.ogg
E/SoundPool( 1551): error loading /system/media/audio/ui/KeypressDelete.ogg
W/AudioService( 1551): Soundpool could not load file: /system/media/audio/ui/KeypressDelete.ogg
E/SoundPool( 1551): error loading /system/media/audio/ui/KeypressReturn.ogg
W/AudioService( 1551): Soundpool could not load file: /system/media/audio/ui/KeypressReturn.ogg
E/SoundPool( 1551): error loading /system/media/audio/ui/KeypressInvalid.ogg
W/AudioService( 1551): Soundpool could not load file: /system/media/audio/ui/KeypressInvalid.ogg
W/AudioService( 1551): onLoadSoundEffects(), Error -1 while loading samples
E/AndroidRuntime( 2103): FATAL EXCEPTION: main
E/AndroidRuntime( 2103): Process: com.manish.hellojni, PID: 2103
E/AndroidRuntime( 2103): java.lang.UnsatisfiedLinkError: Native method not found: com.manish.hellojni.HelloMainActivity.print:()Ljava/lang/String;
E/AndroidRuntime( 2103): 	at com.manish.hellojni.HelloMainActivity.print(Native Method)
E/AndroidRuntime( 2103): 	at com.manish.hellojni.HelloMainActivity.access$0(HelloMainActivity.java:16)
E/AndroidRuntime( 2103): 	at com.manish.hellojni.HelloMainActivity$1.onClick(HelloMainActivity.java:43)
E/AndroidRuntime( 2103): 	at android.view.View.performClick(View.java:4438)
E/AndroidRuntime( 2103): 	at android.view.View$PerformClick.run(View.java:18422)
E/AndroidRuntime( 2103): 	at android.os.Handler.handleCallback(Handler.java:733)
E/AndroidRuntime( 2103): 	at android.os.Handler.dispatchMessage(Handler.java:95)
E/AndroidRuntime( 2103): 	at android.os.Looper.loop(Looper.java:136)
E/AndroidRuntime( 2103): 	at android.app.ActivityThread.main(ActivityThread.java:5017)
