E/AndroidRuntime( 2103): 	at java.lang.reflect.Method.invokeNative(Native Method)
E/AndroidRuntime( 2103): 	at java.lang.reflect.Method.invoke(Method.java:515)
E/AndroidRuntime( 2103): 	at com.android.internal.os.ZygoteInit$MethodAndArgsCaller.run(ZygoteInit.java:779)
E/AndroidRuntime( 2103): 	at com.android.internal.os.ZygoteInit.main(ZygoteInit.java:595)
E/AndroidRuntime( 2103): 	at dalvik.system.NativeStart.main(Native Method)
W/ActivityManager( 1551):   Force finishing activity com.manish.hellojni/.HelloMainActivity
D/gralloc ( 1124): Registering a buffer in the process that created it. This may cause memory ordering problems.
E/libEGL  ( 1124): called unimplemented OpenGL ES API
E/libEGL  ( 1124): called unimplemented OpenGL ES API
E/libEGL  ( 1124): called unimplemented OpenGL ES API
E/libEGL  ( 1124): called unimplemented OpenGL ES API
E/SurfaceFlinger( 1124): glCheckFramebufferStatusOES error 1126583957
E/SurfaceFlinger( 1124): got GL_FRAMEBUFFER_COMPLETE_OES error while taking screenshot
E/libEGL  ( 1124): called unimplemented OpenGL ES API
E/libEGL  ( 1124): called unimplemented OpenGL ES API
W/WindowManager( 1551): Screenshot failure taking screenshot for (328x546) to layer 21010
W/ActivityManager( 1551): Activity pause timeout for ActivityRecord{b12a07e8 u0 com.manish.hellojni/.HelloMainActivity t3 f}
I/Process ( 2103): Sending signal. PID: 2103 SIG: 9
E/SoundPool( 1551): error loading /system/media/audio/ui/Effect_Tick.ogg
W/AudioService( 1551): Soundpool could not load file: /system/media/audio/ui/Effect_Tick.ogg
E/SoundPool( 1551): error loading /system/media/audio/ui/Effect_Tick.ogg
W/AudioService( 1551): Soundpool could not load file: /system/media/audio/ui/Effect_Tick.ogg
E/SoundPool( 1551): error loading /system/media/audio/ui/Effect_Tick.ogg
W/AudioService( 1551): Soundpool could not load file: /system/media/audio/ui/Effect_Tick.ogg
E/SoundPool( 1551): error loading /system/media/audio/ui/Effect_Tick.ogg
W/AudioService( 1551): Soundpool could not load file: /system/media/audio/ui/Effect_Tick.ogg
E/SoundPool( 1551): error loading /system/media/audio/ui/Effect_Tick.ogg
W/AudioService( 1551): Soundpool could not load file: /system/media/audio/ui/Effect_Tick.ogg
E/SoundPool( 1551): error loading /system/media/audio/ui/KeypressStandard.ogg
W/AudioService( 1551): Soundpool could not load file: /system/media/audio/ui/KeypressStandard.ogg
E/SoundPool( 1551): error loading /system/media/audio/ui/KeypressSpacebar.ogg
W/AudioService( 1551): Soundpool could not load file: /system/media/audio/ui/KeypressSpacebar.ogg
E/SoundPool( 1551): error loading /system/media/audio/ui/KeypressDelete.ogg
W/AudioService( 1551): Soundpool could not load file: /system/media/audio/ui/KeypressDelete.ogg
E/SoundPool( 1551): error loading /system/media/audio/ui/KeypressReturn.ogg
W/AudioService( 1551): Soundpool could not load file: /system/media/audio/ui/KeypressReturn.ogg
E/SoundPool( 1551): error loading /system/media/audio/ui/KeypressInvalid.ogg
W/AudioService( 1551): Soundpool could not load file: /system/media/audio/ui/KeypressInvalid.ogg
W/AudioService( 1551): onLoadSoundEffects(), Error -1 while loading samples
W/InputDispatcher( 1551): channel 'b1354c08 com.manish.hellojni/com.manish.hellojni.HelloMainActivity (server)' ~ Consumer closed input channel or an error occurred.  events=0xd
E/InputDispatcher( 1551): channel 'b1354c08 com.manish.hellojni/com.manish.hellojni.HelloMainActivity (server)' ~ Channel is unrecoverably broken and will be disposed!
I/ActivityManager( 1551): Process com.manish.hellojni (pid 2103) has died.
I/Choreographer( 1551): Skipped 31 frames!  The application may be doing too much work on its main thread.
W/InputDispatcher( 1551): Attempted to unregister already unregistered input channel 'b1354c08 com.manish.hellojni/com.manish.hellojni.HelloMainActivity (server)'
I/WindowState( 1551): WIN DEATH: Window{b1354c08 u0 com.manish.hellojni/com.manish.hellojni.HelloMainActivity}
W/Binder  ( 1637): Caught a RuntimeException from the binder stub implementation.
W/Binder  ( 1637): java.lang.NullPointerException
W/Binder  ( 1637): 	at android.inputmethodservice.IInputMethodWrapper.setSessionEnabled(IInputMethodWrapper.java:280)
W/Binder  ( 1637): 	at com.android.internal.view.IInputMethod$Stub.onTransact(IInputMethod.java:129)
W/Binder  ( 1637): 	at android.os.Binder.execTransact(Binder.java:404)
W/Binder  ( 1637): 	at dalvik.system.NativeStart.run(Native Method)
W/InputMethodManagerService( 1551): Got RemoteException sending setActive(false) notification to pid 2103 uid 10053
E/SoundPool( 1551): error loading /system/media/audio/ui/Effect_Tick.ogg
W/AudioService( 1551): Soundpool could not load file: /system/media/audio/ui/Effect_Tick.ogg
E/SoundPool( 1551): error loading /system/media/audio/ui/Effect_Tick.ogg
W/AudioService( 1551): Soundpool could not load file: /system/media/audio/ui/Effect_Tick.ogg
E/SoundPool( 1551): error loading /system/media/audio/ui/Effect_Tick.ogg
W/AudioService( 1551): Soundpool could not load file: /system/media/audio/ui/Effect_Tick.ogg
E/SoundPool( 1551): error loading /system/media/audio/ui/Effect_Tick.ogg
W/AudioService( 1551): Soundpool could not load file: /system/media/audio/ui/Effect_Tick.ogg
E/SoundPool( 1551): error loading /system/media/audio/ui/Effect_Tick.ogg
W/AudioService( 1551): Soundpool could not load file: /system/media/audio/ui/Effect_Tick.ogg
E/SoundPool( 1551): error loading /system/media/audio/ui/KeypressStandard.ogg
W/AudioService( 1551): Soundpool could not load file: /system/media/audio/ui/KeypressStandard.ogg
E/SoundPool( 1551): error loading /system/media/audio/ui/KeypressSpacebar.ogg
W/AudioService( 1551): Soundpool could not load file: /system/media/audio/ui/KeypressSpacebar.ogg
E/SoundPool( 1551): error loading /system/media/audio/ui/KeypressDelete.ogg
W/AudioService( 1551): Soundpool could not load file: /system/media/audio/ui/KeypressDelete.ogg
E/SoundPool( 1551): error loading /system/media/audio/ui/KeypressReturn.ogg
W/AudioService( 1551): Soundpool could not load file: /system/media/audio/ui/KeypressReturn.ogg
E/SoundPool( 1551): error loading /system/media/audio/ui/KeypressInvalid.ogg
W/AudioService( 1551): Soundpool could not load file: /system/media/audio/ui/KeypressInvalid.ogg
W/AudioService( 1551): onLoadSoundEffects(), Error -1 while loading samples
D/dalvikvm( 1680): GC_FOR_ALLOC freed 1038K, 14% free 7492K/8700K, paused 2ms, total 4ms
I/dalvikvm-heap( 1680): Grow heap (frag case) to 9.522MB for 2201612-byte allocation
D/dalvikvm( 1680): GC_FOR_ALLOC freed 1K, 12% free 9640K/10852K, paused 3ms, total 3ms
D/dalvikvm( 1680): GC_FOR_ALLOC freed 7K, 12% free 9634K/10852K, paused 2ms, total 3ms
I/dalvikvm-heap( 1680): Grow heap (frag case) to 12.527MB for 3158028-byte allocation
D/dalvikvm( 1680): GC_FOR_ALLOC freed <1K, 9% free 12718K/13940K, paused 2ms, total 2ms
D/android.widget.GridLayout( 1680): horizontal constraints: x1-x0>=350, x2-x1>=390, x2-x0<=736 are inconsistent; permanently removing: x2-x0<=736. 
D/android.widget.GridLayout( 1680): horizontal constraints: x1-x0>=350, x2-x1>=390, x2-x0<=736 are inconsistent; permanently removing: x2-x0<=736. 
D/android.widget.GridLayout( 1680): horizontal constraints: x1-x0>=350, x2-x1>=390, x2-x0<=736 are inconsistent; permanently removing: x2-x0<=736. 
D/android.widget.GridLayout( 1680): horizontal constraints: x1-x0>=350, x2-x1>=390, x2-x0<=736 are inconsistent; permanently removing: x2-x0<=736. 
D/dalvikvm( 1680): GC_FOR_ALLOC freed 203K, 5% free 14004K/14692K, paused 2ms, total 4ms
I/dalvikvm-heap( 1680): Grow heap (frag case) to 16.799MB for 3164172-byte allocation
D/dalvikvm( 1680): GC_FOR_ALLOC freed 8K, 4% free 17085K/17784K, paused 2ms, total 3ms
D/dalvikvm( 1680): GC_FOR_ALLOC freed 66K, 4% free 18379K/19100K, paused 5ms, total 5ms
D/dalvikvm( 1680): GC_FOR_ALLOC freed 424K, 4% free 19847K/20496K, paused 2ms, total 3ms
I/dalvikvm-heap( 1680): Grow heap (frag case) to 21.587MB for 2201612-byte allocation
D/dalvikvm( 1680): GC_FOR_ALLOC freed <1K, 3% free 21997K/22648K, paused 4ms, total 4ms
D/dalvikvm( 1680): GC_FOR_ALLOC freed 7K, 3% free 21989K/22648K, paused 2ms, total 3ms
I/dalvikvm-heap( 1680): Grow heap (frag case) to 23.679MB for 2201612-byte allocation
D/dalvikvm( 1680): GC_FOR_ALLOC freed <1K, 3% free 24139K/24800K, paused 3ms, total 3ms
I/ActivityManager( 1551): START u0 {act=android.intent.action.DELETE dat=package:com.manish.hellojni flg=0x10800000 cmp=com.android.packageinstaller/.UninstallerActivity} from pid 1680
D/gralloc ( 1124): Registering a buffer in the process that created it. This may cause memory ordering problems.
E/libEGL  ( 1124): called unimplemented OpenGL ES API
E/libEGL  ( 1124): called unimplemented OpenGL ES API
E/libEGL  ( 1124): called unimplemented OpenGL ES API
E/libEGL  ( 1124): called unimplemented OpenGL ES API
E/SurfaceFlinger( 1124): glCheckFramebufferStatusOES error 1126583957
E/SurfaceFlinger( 1124): got GL_FRAMEBUFFER_COMPLETE_OES error while taking screenshot
E/libEGL  ( 1124): called unimplemented OpenGL ES API
E/libEGL  ( 1124): called unimplemented OpenGL ES API
W/WindowManager( 1551): Screenshot failure taking screenshot for (328x546) to layer 21005
D/dalvikvm( 1680): GC_FOR_ALLOC freed 6508K, 14% free 17702K/20484K, paused 3ms, total 3ms
I/dalvikvm-heap( 1680): Grow heap (frag case) to 19.493MB for 2201612-byte allocation
D/dalvikvm( 1680): GC_FOR_ALLOC freed <1K, 4% free 19852K/20484K, paused 2ms, total 2ms
D/dalvikvm( 1680): GC_FOR_ALLOC freed <1K, 4% free 19852K/20484K, paused 2ms, total 2ms
I/dalvikvm-heap( 1680): Grow heap (frag case) to 21.592MB for 2201612-byte allocation
D/dalvikvm( 1680): GC_FOR_ALLOC freed 0K, 3% free 22002K/22636K, paused 3ms, total 3ms
D/dalvikvm( 1680): GC_FOR_ALLOC freed 0K, 3% free 22002K/22636K, paused 3ms, total 3ms
I/dalvikvm-heap( 1680): Grow heap (frag case) to 23.692MB for 2201612-byte allocation
D/dalvikvm( 1680): GC_FOR_ALLOC freed 0K, 3% free 24152K/24788K, paused 3ms, total 3ms
I/Choreographer( 1680): Skipped 48 frames!  The application may be doing too much work on its main thread.
I/ActivityManager( 1551): Start proc com.android.packageinstaller for activity com.android.packageinstaller/.UninstallerActivity: pid=2129 uid=10036 gids={50036, 1028}
D/dalvikvm( 2129): GC_FOR_ALLOC freed 48K, 5% free 3248K/3408K, paused 1ms, total 2ms
D/dalvikvm( 2129): GC_FOR_ALLOC freed 1K, 5% free 3703K/3864K, paused 1ms, total 1ms
D/dalvikvm( 2129): GC_FOR_ALLOC freed 3K, 4% free 4170K/4320K, paused 1ms, total 1ms
D/gralloc_ranchu( 2129): Emulator without host-side GPU emulation detected.
I/Choreographer( 1680): Skipped 274 frames!  The application may be doing too much work on its main thread.
I/ActivityManager( 1551): Displayed com.android.packageinstaller/.UninstallerActivity: +5s717ms
D/AndroidRuntime( 2145): 
D/AndroidRuntime( 2145): >>>>>> AndroidRuntime START com.android.internal.os.RuntimeInit <<<<<<
W/linker  ( 2145): libdvm.so has text relocations. This is wasting memory and is a security risk. Please fix.
D/AndroidRuntime( 2145): CheckJNI is ON
D/dalvikvm( 2145): Trying to load lib libjavacore.so 0x0
D/dalvikvm( 2145): Added shared lib libjavacore.so 0x0
D/dalvikvm( 2145): Trying to load lib libnativehelper.so 0x0
D/dalvikvm( 2145): Added shared lib libnativehelper.so 0x0
D/dalvikvm( 2145): No JNI_OnLoad found in libnativehelper.so 0x0, skipping init
D/dalvikvm( 2145): Note: class Landroid/app/ActivityManagerNative; has 179 unimplemented (abstract) methods
E/memtrack( 2145): Couldn't load memtrack module (No such file or directory)
E/android.os.Debug( 2145): failed to load memtrack module: -2
D/AndroidRuntime( 2145): Calling main entry com.android.commands.pm.Pm
W/ActivityManager( 1551): No content provider found for permission revoke: file:///data/local/tmp/HelloJNI.apk
W/ActivityManager( 1551): No content provider found for permission revoke: file:///data/local/tmp/HelloJNI.apk
I/PackageManager( 1551): Copying native libraries to /data/app-lib/vmdl1427335987
D/dalvikvm( 1551): GC_FOR_ALLOC freed 572K, 9% free 7346K/8040K, paused 7ms, total 9ms
I/ActivityManager( 1551): Force stopping com.manish.hellojni appid=10053 user=-1: uninstall pkg
I/PackageManager( 1551): Running dexopt on: com.manish.hellojni
W/linker  ( 2156): libdvm.so has text relocations. This is wasting memory and is a security risk. Please fix.
I/PackageManager( 1551): Package com.manish.hellojni codePath changed from /data/app/com.manish.hellojni-2.apk to /data/app/com.manish.hellojni-1.apk; Retaining data and using new
D/dalvikvm( 2156): DexOpt: load 2ms, verify+opt 2ms, 212444 bytes
W/PackageManager( 1551): Code path for pkg : com.manish.hellojni changing from /data/app/com.manish.hellojni-2.apk to /data/app/com.manish.hellojni-1.apk
W/PackageManager( 1551): Resource path for pkg : com.manish.hellojni changing from /data/app/com.manish.hellojni-2.apk to /data/app/com.manish.hellojni-1.apk
I/ActivityManager( 1551): Force stopping com.manish.hellojni appid=10053 user=-1: update pkg
I/ActivityManager( 1551): Force stopping com.manish.hellojni appid=10053 user=0: pkg removed
D/dalvikvm( 2129): GC_EXPLICIT freed 21K, 4% free 4232K/4372K, paused 1ms+0ms, total 5ms
D/dalvikvm( 1680): GC_EXPLICIT freed 338K, 4% free 24147K/25112K, paused 0ms+2ms, total 8ms
I/PackageManager( 1551):   Action: "android.intent.action.SENDTO"
I/PackageManager( 1551):   Category: "android.intent.category.DEFAULT"
I/PackageManager( 1551):   Scheme: "sms"
I/PackageManager( 1551): Adding preferred activity ComponentInfo{com.android.mms/com.android.mms.ui.ComposeMessageActivity} for user 0 :
I/InputReader( 1551): Reconfiguring input devices.  changes=0x00000010
I/PackageManager( 1551):   Action: "android.intent.action.SENDTO"
I/PackageManager( 1551):   Category: "android.intent.category.DEFAULT"
I/PackageManager( 1551):   Scheme: "smsto"
I/PackageManager( 1551): Adding preferred activity ComponentInfo{com.android.mms/com.android.mms.ui.ComposeMessageActivity} for user 0 :
D/BackupManagerService( 1551): Received broadcast Intent { act=android.intent.action.PACKAGE_REMOVED dat=package:com.manish.hellojni flg=0x4000010 (has extras) }
I/Launcher( 1680): Deferring update until onResume
I/PackageManager( 1551):   Action: "android.intent.action.SENDTO"
I/PackageManager( 1551):   Category: "android.intent.category.DEFAULT"
I/PackageManager( 1551):   Scheme: "mms"
D/BackupManagerService( 1551): Received broadcast Intent { act=android.intent.action.PACKAGE_ADDED dat=package:com.manish.hellojni flg=0x4000010 (has extras) }
V/BackupManagerService( 1551): removePackageParticipantsLocked: uid=10053 #1
V/BackupManagerService( 1551): addPackageParticipantsLocked: #1
I/PackageManager( 1551): Adding preferred activity ComponentInfo{com.android.mms/com.android.mms.ui.ComposeMessageActivity} for user 0 :
I/InputReader( 1551): Reconfiguring input devices.  changes=0x00000010
D/dalvikvm( 1551): GC_FOR_ALLOC freed 1310K, 17% free 7170K/8596K, paused 9ms, total 9ms
I/PackageManager( 1551):   Action: "android.intent.action.SENDTO"
I/PackageManager( 1551):   Category: "android.intent.category.DEFAULT"
I/PackageManager( 1551):   Scheme: "mmsto"
I/Launcher( 1680): Deferring update until onResume
I/InputReader( 1551): Reconfiguring input devices.  changes=0x00000010
I/PackageManager( 1551): Adding preferred activity ComponentInfo{com.android.mms/com.android.mms.ui.ComposeMessageActivity} for user 0 :
W/ContextImpl( 2010): Calling a method in the system process without a qualified user: android.app.ContextImpl.startService:1479 android.content.ContextWrapper.startService:494 android.content.ContextWrapper.startService:494 com.android.keychain.KeyChainBroadcastReceiver.onReceive:12 android.app.ActivityThread.handleReceiver:2419 
D/dalvikvm( 1663): GC_FOR_ALLOC freed 451K, 15% free 3461K/4048K, paused 3ms, total 3ms
I/PackageManager( 1551):   Action: "android.intent.action.SENDTO"
I/PackageManager( 1551):   Category: "android.intent.category.DEFAULT"
I/PackageManager( 1551):   Scheme: "sms"
I/PackageManager( 1551): Adding preferred activity ComponentInfo{com.android.mms/com.android.mms.ui.ComposeMessageActivity} for user 0 :
I/PackageManager( 1551):   Action: "android.intent.action.SENDTO"
I/PackageManager( 1551):   Category: "android.intent.category.DEFAULT"
I/PackageManager( 1551):   Scheme: "smsto"
D/dalvikvm( 1551): GC_EXPLICIT freed 342K, 17% free 7171K/8596K, paused 36ms+4ms, total 50ms
I/PackageManager( 1551): Adding preferred activity ComponentInfo{com.android.mms/com.android.mms.ui.ComposeMessageActivity} for user 0 :
D/AndroidRuntime( 2145): Shutting down VM
D/jdwp    ( 2145): Got wake-up signal, bailing out of select
D/dalvikvm( 2145): Debugger has detached; object registry had 1 entries
I/PackageManager( 1551):   Action: "android.intent.action.SENDTO"
I/PackageManager( 1551):   Category: "android.intent.category.DEFAULT"
I/PackageManager( 1551):   Scheme: "mms"
I/PackageManager( 1551):   Action: "android.intent.action.SENDTO"
I/PackageManager( 1551):   Category: "android.intent.category.DEFAULT"
I/PackageManager( 1551):   Scheme: "mmsto"
I/PackageManager( 1551): Adding preferred activity ComponentInfo{com.android.mms/com.android.mms.ui.ComposeMessageActivity} for user 0 :
I/PackageManager( 1551): Adding preferred activity ComponentInfo{com.android.mms/com.android.mms.ui.ComposeMessageActivity} for user 0 :
I/PackageManager( 1551):   Action: "android.intent.action.SENDTO"
I/PackageManager( 1551):   Category: "android.intent.category.DEFAULT"
I/PackageManager( 1551):   Scheme: "sms"
I/PackageManager( 1551): Adding preferred activity ComponentInfo{com.android.mms/com.android.mms.ui.ComposeMessageActivity} for user 0 :
I/PackageManager( 1551):   Action: "android.intent.action.SENDTO"
I/PackageManager( 1551):   Category: "android.intent.category.DEFAULT"
I/PackageManager( 1551):   Scheme: "smsto"
I/PackageManager( 1551): Adding preferred activity ComponentInfo{com.android.mms/com.android.mms.ui.ComposeMessageActivity} for user 0 :
D/dalvikvm( 1663): GC_FOR_ALLOC freed 499K, 17% free 3415K/4080K, paused 3ms, total 5ms
I/PackageManager( 1551):   Action: "android.intent.action.SENDTO"
I/PackageManager( 1551):   Category: "android.intent.category.DEFAULT"
I/PackageManager( 1551):   Scheme: "mms"
I/PackageManager( 1551): Adding preferred activity ComponentInfo{com.android.mms/com.android.mms.ui.ComposeMessageActivity} for user 0 :
W/RecognitionManagerService( 1551): no available voice recognition services found for user 0
I/PackageManager( 1551):   Action: "android.intent.action.SENDTO"
I/PackageManager( 1551):   Category: "android.intent.category.DEFAULT"
I/PackageManager( 1551):   Scheme: "mmsto"
I/PackageManager( 1551): Adding preferred activity ComponentInfo{com.android.mms/com.android.mms.ui.ComposeMessageActivity} for user 0 :
I/PackageManager( 1551):   Action: "android.intent.action.SENDTO"
I/PackageManager( 1551):   Category: "android.intent.category.DEFAULT"
I/PackageManager( 1551):   Scheme: "sms"
I/PackageManager( 1551): Adding preferred activity ComponentInfo{com.android.mms/com.android.mms.ui.ComposeMessageActivity} for user 0 :
I/PackageManager( 1551):   Action: "android.intent.action.SENDTO"
I/PackageManager( 1551):   Category: "android.intent.category.DEFAULT"
I/PackageManager( 1551):   Scheme: "smsto"
I/PackageManager( 1551): Adding preferred activity ComponentInfo{com.android.mms/com.android.mms.ui.ComposeMessageActivity} for user 0 :
I/PackageManager( 1551):   Action: "android.intent.action.SENDTO"
I/PackageManager( 1551):   Category: "android.intent.category.DEFAULT"
I/PackageManager( 1551):   Scheme: "mms"
I/PackageManager( 1551): Adding preferred activity ComponentInfo{com.android.mms/com.android.mms.ui.ComposeMessageActivity} for user 0 :
I/PackageManager( 1551):   Action: "android.intent.action.SENDTO"
I/PackageManager( 1551):   Category: "android.intent.category.DEFAULT"
I/PackageManager( 1551):   Scheme: "mmsto"
I/PackageManager( 1551): Adding preferred activity ComponentInfo{com.android.mms/com.android.mms.ui.ComposeMessageActivity} for user 0 :
I/PackageManager( 1551):   Action: "android.intent.action.SENDTO"
I/PackageManager( 1551):   Category: "android.intent.category.DEFAULT"
I/PackageManager( 1551):   Scheme: "sms"
I/PackageManager( 1551): Adding preferred activity ComponentInfo{com.android.mms/com.android.mms.ui.ComposeMessageActivity} for user 0 :
D/AndroidRuntime( 2161): 
D/AndroidRuntime( 2161): >>>>>> AndroidRuntime START com.android.internal.os.RuntimeInit <<<<<<
W/linker  ( 2161): libdvm.so has text relocations. This is wasting memory and is a security risk. Please fix.
D/dalvikvm( 1551): GC_FOR_ALLOC freed 1172K, 18% free 7090K/8596K, paused 8ms, total 8ms
D/AndroidRuntime( 2161): CheckJNI is ON
D/dalvikvm( 2161): Trying to load lib libjavacore.so 0x0
D/dalvikvm( 2161): Added shared lib libjavacore.so 0x0
D/dalvikvm( 2161): Trying to load lib libnativehelper.so 0x0
D/dalvikvm( 2161): Added shared lib libnativehelper.so 0x0
D/dalvikvm( 2161): No JNI_OnLoad found in libnativehelper.so 0x0, skipping init
D/dalvikvm( 1663): GC_FOR_ALLOC freed 473K, 16% free 3453K/4080K, paused 5ms, total 5ms
I/PackageManager( 1551):   Action: "android.intent.action.SENDTO"
I/PackageManager( 1551):   Category: "android.intent.category.DEFAULT"
I/PackageManager( 1551):   Scheme: "smsto"
D/dalvikvm( 2161): Note: class Landroid/app/ActivityManagerNative; has 179 unimplemented (abstract) methods
I/PackageManager( 1551): Adding preferred activity ComponentInfo{com.android.mms/com.android.mms.ui.ComposeMessageActivity} for user 0 :
I/PackageManager( 1551):   Action: "android.intent.action.SENDTO"
I/PackageManager( 1551):   Category: "android.intent.category.DEFAULT"
I/PackageManager( 1551):   Scheme: "mms"
I/PackageManager( 1551): Adding preferred activity ComponentInfo{com.android.mms/com.android.mms.ui.ComposeMessageActivity} for user 0 :
I/PackageManager( 1551):   Action: "android.intent.action.SENDTO"
I/PackageManager( 1551):   Category: "android.intent.category.DEFAULT"
I/PackageManager( 1551):   Scheme: "mmsto"
I/PackageManager( 1551): Adding preferred activity ComponentInfo{com.android.mms/com.android.mms.ui.ComposeMessageActivity} for user 0 :
I/PackageManager( 1551):   Action: "android.intent.action.SENDTO"
I/PackageManager( 1551):   Category: "android.intent.category.DEFAULT"
I/PackageManager( 1551):   Scheme: "sms"
I/PackageManager( 1551): Adding preferred activity ComponentInfo{com.android.mms/com.android.mms.ui.ComposeMessageActivity} for user 0 :
I/PackageManager( 1551): Adding preferred activity ComponentInfo{com.android.mms/com.android.mms.ui.ComposeMessageActivity} for user 0 :
I/PackageManager( 1551):   Action: "android.intent.action.SENDTO"
I/PackageManager( 1551):   Category: "android.intent.category.DEFAULT"
I/PackageManager( 1551):   Scheme: "smsto"
E/memtrack( 2161): Couldn't load memtrack module (No such file or directory)
E/android.os.Debug( 2161): failed to load memtrack module: -2
I/PackageManager( 1551):   Action: "android.intent.action.SENDTO"
I/PackageManager( 1551):   Category: "android.intent.category.DEFAULT"
I/PackageManager( 1551):   Scheme: "mms"
I/PackageManager( 1551): Adding preferred activity ComponentInfo{com.android.mms/com.android.mms.ui.ComposeMessageActivity} for user 0 :
D/dalvikvm( 1663): GC_FOR_ALLOC freed 461K, 16% free 3451K/4080K, paused 3ms, total 4ms
I/PackageManager( 1551):   Action: "android.intent.action.SENDTO"
I/PackageManager( 1551):   Category: "android.intent.category.DEFAULT"
I/PackageManager( 1551):   Scheme: "mmsto"
I/PackageManager( 1551): Adding preferred activity ComponentInfo{com.android.mms/com.android.mms.ui.ComposeMessageActivity} for user 0 :
D/AndroidRuntime( 2161): Calling main entry com.android.commands.am.Am
I/ActivityManager( 1551): START u0 {act=android.intent.action.MAIN cat=[android.intent.category.LAUNCHER] flg=0x10000000 cmp=com.manish.hellojni/.HelloMainActivity} from pid 2161
D/gralloc ( 1124): Registering a buffer in the process that created it. This may cause memory ordering problems.
E/libEGL  ( 1124): called unimplemented OpenGL ES API
E/libEGL  ( 1124): called unimplemented OpenGL ES API
E/libEGL  ( 1124): called unimplemented OpenGL ES API
E/libEGL  ( 1124): called unimplemented OpenGL ES API
E/SurfaceFlinger( 1124): glCheckFramebufferStatusOES error 1126583957
E/SurfaceFlinger( 1124): got GL_FRAMEBUFFER_COMPLETE_OES error while taking screenshot
E/libEGL  ( 1124): called unimplemented OpenGL ES API
E/libEGL  ( 1124): called unimplemented OpenGL ES API
D/AndroidRuntime( 2161): Shutting down VM
D/dalvikvm( 2172): Not late-enabling CheckJNI (already on)
D/dalvikvm( 2161): Debugger has detached; object registry had 1 entries
W/WindowManager( 1551): Screenshot failure taking screenshot for (328x546) to layer 21010
I/ActivityManager( 1551): Start proc com.manish.hellojni for activity com.manish.hellojni/.HelloMainActivity: pid=2172 uid=10053 gids={50053}
I/Choreographer( 1551): Skipped 36 frames!  The application may be doing too much work on its main thread.
I/Choreographer( 1551): Skipped 47 frames!  The application may be doing too much work on its main thread.
I/Choreographer( 2172): Skipped 47 frames!  The application may be doing too much work on its main thread.
D/gralloc_ranchu( 2172): Emulator without host-side GPU emulation detected.
I/ActivityManager( 1551): Displayed com.manish.hellojni/.HelloMainActivity: +2s522ms
D/dalvikvm( 2172): Trying to load lib /data/app-lib/com.manish.hellojni-1/libhellojni.so 0xb103c810
D/dalvikvm( 2172): Added shared lib /data/app-lib/com.manish.hellojni-1/libhellojni.so 0xb103c810
D/dalvikvm( 2172): No JNI_OnLoad found in /data/app-lib/com.manish.hellojni-1/libhellojni.so 0xb103c810, skipping init
W/dalvikvm( 2172): No implementation found for native Lcom/manish/hellojni/HelloMainActivity;.print:()Ljava/lang/String;
D/AndroidRuntime( 2172): Shutting down VM
W/dalvikvm( 2172): threadid=1: thread exiting with uncaught exception (group=0xb0d63b20)
E/SoundPool( 1551): error loading /system/media/audio/ui/Effect_Tick.ogg
W/AudioService( 1551): Soundpool could not load file: /system/media/audio/ui/Effect_Tick.ogg
E/SoundPool( 1551): error loading /system/media/audio/ui/Effect_Tick.ogg
W/AudioService( 1551): Soundpool could not load file: /system/media/audio/ui/Effect_Tick.ogg
E/SoundPool( 1551): error loading /system/media/audio/ui/Effect_Tick.ogg
W/AudioService( 1551): Soundpool could not load file: /system/media/audio/ui/Effect_Tick.ogg
E/SoundPool( 1551): error loading /system/media/audio/ui/Effect_Tick.ogg
W/AudioService( 1551): Soundpool could not load file: /system/media/audio/ui/Effect_Tick.ogg
E/SoundPool( 1551): error loading /system/media/audio/ui/Effect_Tick.ogg
W/AudioService( 1551): Soundpool could not load file: /system/media/audio/ui/Effect_Tick.ogg
E/SoundPool( 1551): error loading /system/media/audio/ui/KeypressStandard.ogg
W/AudioService( 1551): Soundpool could not load file: /system/media/audio/ui/KeypressStandard.ogg
E/SoundPool( 1551): error loading /system/media/audio/ui/KeypressSpacebar.ogg
W/AudioService( 1551): Soundpool could not load file: /system/media/audio/ui/KeypressSpacebar.ogg
E/SoundPool( 1551): error loading /system/media/audio/ui/KeypressDelete.ogg
W/AudioService( 1551): Soundpool could not load file: /system/media/audio/ui/KeypressDelete.ogg
E/SoundPool( 1551): error loading /system/media/audio/ui/KeypressReturn.ogg
W/AudioService( 1551): Soundpool could not load file: /system/media/audio/ui/KeypressReturn.ogg
E/SoundPool( 1551): error loading /system/media/audio/ui/KeypressInvalid.ogg
W/AudioService( 1551): Soundpool could not load file: /system/media/audio/ui/KeypressInvalid.ogg
W/AudioService( 1551): onLoadSoundEffects(), Error -1 while loading samples
E/AndroidRuntime( 2172): FATAL EXCEPTION: main
E/AndroidRuntime( 2172): Process: com.manish.hellojni, PID: 2172
E/AndroidRuntime( 2172): java.lang.UnsatisfiedLinkError: Native method not found: com.manish.hellojni.HelloMainActivity.print:()Ljava/lang/String;
E/AndroidRuntime( 2172): 	at com.manish.hellojni.HelloMainActivity.print(Native Method)
E/AndroidRuntime( 2172): 	at com.manish.hellojni.HelloMainActivity.access$0(HelloMainActivity.java:16)
E/AndroidRuntime( 2172): 	at com.manish.hellojni.HelloMainActivity$1.onClick(HelloMainActivity.java:43)
E/AndroidRuntime( 2172): 	at android.view.View.performClick(View.java:4438)
E/AndroidRuntime( 2172): 	at android.view.View$PerformClick.run(View.java:18422)
E/AndroidRuntime( 2172): 	at android.os.Handler.handleCallback(Handler.java:733)
E/AndroidRuntime( 2172): 	at android.os.Handler.dispatchMessage(Handler.java:95)
E/AndroidRuntime( 2172): 	at android.os.Looper.loop(Looper.java:136)
E/AndroidRuntime( 2172): 	at android.app.ActivityThread.main(ActivityThread.java:5017)
E/AndroidRuntime( 2172): 	at java.lang.reflect.Method.invokeNative(Native Method)
E/AndroidRuntime( 2172): 	at java.lang.reflect.Method.invoke(Method.java:515)
E/AndroidRuntime( 2172): 	at com.android.internal.os.ZygoteInit$MethodAndArgsCaller.run(ZygoteInit.java:779)
E/AndroidRuntime( 2172): 	at com.android.internal.os.ZygoteInit.main(ZygoteInit.java:595)
E/AndroidRuntime( 2172): 	at dalvik.system.NativeStart.main(Native Method)
W/ActivityManager( 1551):   Force finishing activity com.manish.hellojni/.HelloMainActivity
D/gralloc ( 1124): Registering a buffer in the process that created it. This may cause memory ordering problems.
E/libEGL  ( 1124): called unimplemented OpenGL ES API
E/libEGL  ( 1124): called unimplemented OpenGL ES API
E/libEGL  ( 1124): called unimplemented OpenGL ES API
E/libEGL  ( 1124): called unimplemented OpenGL ES API
E/SurfaceFlinger( 1124): glCheckFramebufferStatusOES error 1126583957
E/SurfaceFlinger( 1124): got GL_FRAMEBUFFER_COMPLETE_OES error while taking screenshot
E/libEGL  ( 1124): called unimplemented OpenGL ES API
E/libEGL  ( 1124): called unimplemented OpenGL ES API
W/WindowManager( 1551): Screenshot failure taking screenshot for (328x546) to layer 21015
D/dalvikvm( 1551): GC_FOR_ALLOC freed 885K, 16% free 7276K/8596K, paused 15ms, total 15ms
W/ActivityManager( 1551): Activity pause timeout for ActivityRecord{b1080aa8 u0 com.manish.hellojni/.HelloMainActivity t5 f}
I/Choreographer( 1551): Skipped 30 frames!  The application may be doing too much work on its main thread.
I/Choreographer( 1551): Skipped 41 frames!  The application may be doing too much work on its main thread.
I/Process ( 2172): Sending signal. PID: 2172 SIG: 9
E/SoundPool( 1551): error loading /system/media/audio/ui/Effect_Tick.ogg
W/AudioService( 1551): Soundpool could not load file: /system/media/audio/ui/Effect_Tick.ogg
E/SoundPool( 1551): error loading /system/media/audio/ui/Effect_Tick.ogg
W/AudioService( 1551): Soundpool could not load file: /system/media/audio/ui/Effect_Tick.ogg
E/SoundPool( 1551): error loading /system/media/audio/ui/Effect_Tick.ogg
W/AudioService( 1551): Soundpool could not load file: /system/media/audio/ui/Effect_Tick.ogg
E/SoundPool( 1551): error loading /system/media/audio/ui/Effect_Tick.ogg
W/AudioService( 1551): Soundpool could not load file: /system/media/audio/ui/Effect_Tick.ogg
E/SoundPool( 1551): error loading /system/media/audio/ui/Effect_Tick.ogg
W/AudioService( 1551): Soundpool could not load file: /system/media/audio/ui/Effect_Tick.ogg
E/SoundPool( 1551): error loading /system/media/audio/ui/KeypressStandard.ogg
W/AudioService( 1551): Soundpool could not load file: /system/media/audio/ui/KeypressStandard.ogg
E/SoundPool( 1551): error loading /system/media/audio/ui/KeypressSpacebar.ogg
W/AudioService( 1551): Soundpool could not load file: /system/media/audio/ui/KeypressSpacebar.ogg
E/SoundPool( 1551): error loading /system/media/audio/ui/KeypressDelete.ogg
W/AudioService( 1551): Soundpool could not load file: /system/media/audio/ui/KeypressDelete.ogg
E/SoundPool( 1551): error loading /system/media/audio/ui/KeypressReturn.ogg
W/AudioService( 1551): Soundpool could not load file: /system/media/audio/ui/KeypressReturn.ogg
E/SoundPool( 1551): error loading /system/media/audio/ui/KeypressInvalid.ogg
W/AudioService( 1551): Soundpool could not load file: /system/media/audio/ui/KeypressInvalid.ogg
W/AudioService( 1551): onLoadSoundEffects(), Error -1 while loading samples
W/InputDispatcher( 1551): channel 'b12fbe18 com.manish.hellojni/com.manish.hellojni.HelloMainActivity (server)' ~ Consumer closed input channel or an error occurred.  events=0xd
E/InputDispatcher( 1551): channel 'b12fbe18 com.manish.hellojni/com.manish.hellojni.HelloMainActivity (server)' ~ Channel is unrecoverably broken and will be disposed!
W/InputDispatcher( 1551): Attempted to unregister already unregistered input channel 'b12fbe18 com.manish.hellojni/com.manish.hellojni.HelloMainActivity (server)'
I/ActivityManager( 1551): Process com.manish.hellojni (pid 2172) has died.
I/WindowState( 1551): WIN DEATH: Window{b12fbe18 u0 com.manish.hellojni/com.manish.hellojni.HelloMainActivity}
E/SoundPool( 1551): error loading /system/media/audio/ui/Effect_Tick.ogg
W/AudioService( 1551): Soundpool could not load file: /system/media/audio/ui/Effect_Tick.ogg
E/SoundPool( 1551): error loading /system/media/audio/ui/Effect_Tick.ogg
W/AudioService( 1551): Soundpool could not load file: /system/media/audio/ui/Effect_Tick.ogg
E/SoundPool( 1551): error loading /system/media/audio/ui/Effect_Tick.ogg
W/AudioService( 1551): Soundpool could not load file: /system/media/audio/ui/Effect_Tick.ogg
E/SoundPool( 1551): error loading /system/media/audio/ui/Effect_Tick.ogg
W/AudioService( 1551): Soundpool could not load file: /system/media/audio/ui/Effect_Tick.ogg
E/SoundPool( 1551): error loading /system/media/audio/ui/Effect_Tick.ogg
W/AudioService( 1551): Soundpool could not load file: /system/media/audio/ui/Effect_Tick.ogg
E/SoundPool( 1551): error loading /system/media/audio/ui/KeypressStandard.ogg
W/AudioService( 1551): Soundpool could not load file: /system/media/audio/ui/KeypressStandard.ogg
E/SoundPool( 1551): error loading /system/media/audio/ui/KeypressSpacebar.ogg
W/AudioService( 1551): Soundpool could not load file: /system/media/audio/ui/KeypressSpacebar.ogg
E/SoundPool( 1551): error loading /system/media/audio/ui/KeypressDelete.ogg
W/AudioService( 1551): Soundpool could not load file: /system/media/audio/ui/KeypressDelete.ogg
E/SoundPool( 1551): error loading /system/media/audio/ui/KeypressReturn.ogg
W/AudioService( 1551): Soundpool could not load file: /system/media/audio/ui/KeypressReturn.ogg
E/SoundPool( 1551): error loading /system/media/audio/ui/KeypressInvalid.ogg
W/AudioService( 1551): Soundpool could not load file: /system/media/audio/ui/KeypressInvalid.ogg
W/AudioService( 1551): onLoadSoundEffects(), Error -1 while loading samples
D/gralloc ( 1124): Registering a buffer in the process that created it. This may cause memory ordering problems.
E/libEGL  ( 1124): called unimplemented OpenGL ES API
E/libEGL  ( 1124): called unimplemented OpenGL ES API
E/libEGL  ( 1124): called unimplemented OpenGL ES API
E/libEGL  ( 1124): called unimplemented OpenGL ES API
E/SurfaceFlinger( 1124): glCheckFramebufferStatusOES error 1126583957
E/SurfaceFlinger( 1124): got GL_FRAMEBUFFER_COMPLETE_OES error while taking screenshot
E/libEGL  ( 1124): called unimplemented OpenGL ES API
E/libEGL  ( 1124): called unimplemented OpenGL ES API
W/WindowManager( 1551): Screenshot failure taking screenshot for (328x546) to layer 21010
D/android.widget.GridLayout( 1680): horizontal constraints: x1-x0>=350, x2-x1>=390, x2-x0<=736 are inconsistent; permanently removing: x2-x0<=736. 
D/android.widget.GridLayout( 1680): horizontal constraints: x1-x0>=350, x2-x1>=390, x2-x0<=736 are inconsistent; permanently removing: x2-x0<=736. 
D/android.widget.GridLayout( 1680): horizontal constraints: x1-x0>=350, x2-x1>=390, x2-x0<=736 are inconsistent; permanently removing: x2-x0<=736. 
D/android.widget.GridLayout( 1680): horizontal constraints: x1-x0>=350, x2-x1>=390, x2-x0<=736 are inconsistent; permanently removing: x2-x0<=736. 
D/dalvikvm( 1680): GC_FOR_ALLOC freed 8042K, 34% free 16708K/25112K, paused 2ms, total 21ms
I/dalvikvm-heap( 1680): Grow heap (frag case) to 19.435MB for 3158028-byte allocation
D/dalvikvm( 1680): GC_FOR_ALLOC freed 933K, 25% free 18858K/25112K, paused 3ms, total 3ms
D/dalvikvm( 1680): GC_FOR_ALLOC freed 259K, 19% free 20505K/25112K, paused 16ms, total 16ms
E/SoundPool( 1551): error loading /system/media/audio/ui/Effect_Tick.ogg
W/AudioService( 1551): Soundpool could not load file: /system/media/audio/ui/Effect_Tick.ogg
E/SoundPool( 1551): error loading /system/media/audio/ui/Effect_Tick.ogg
W/AudioService( 1551): Soundpool could not load file: /system/media/audio/ui/Effect_Tick.ogg
E/SoundPool( 1551): error loading /system/media/audio/ui/Effect_Tick.ogg
W/AudioService( 1551): Soundpool could not load file: /system/media/audio/ui/Effect_Tick.ogg
E/SoundPool( 1551): error loading /system/media/audio/ui/Effect_Tick.ogg
W/AudioService( 1551): Soundpool could not load file: /system/media/audio/ui/Effect_Tick.ogg
E/SoundPool( 1551): error loading /system/media/audio/ui/Effect_Tick.ogg
W/AudioService( 1551): Soundpool could not load file: /system/media/audio/ui/Effect_Tick.ogg
E/SoundPool( 1551): error loading /system/media/audio/ui/KeypressStandard.ogg
W/AudioService( 1551): Soundpool could not load file: /system/media/audio/ui/KeypressStandard.ogg
E/SoundPool( 1551): error loading /system/media/audio/ui/KeypressSpacebar.ogg
W/AudioService( 1551): Soundpool could not load file: /system/media/audio/ui/KeypressSpacebar.ogg
E/SoundPool( 1551): error loading /system/media/audio/ui/KeypressDelete.ogg
W/AudioService( 1551): Soundpool could not load file: /system/media/audio/ui/KeypressDelete.ogg
E/SoundPool( 1551): error loading /system/media/audio/ui/KeypressReturn.ogg
W/AudioService( 1551): Soundpool could not load file: /system/media/audio/ui/KeypressReturn.ogg
E/SoundPool( 1551): error loading /system/media/audio/ui/KeypressInvalid.ogg
W/AudioService( 1551): Soundpool could not load file: /system/media/audio/ui/KeypressInvalid.ogg
W/AudioService( 1551): onLoadSoundEffects(), Error -1 while loading samples
I/ActivityManager( 1551): START u0 {act=android.intent.action.MAIN cat=[android.intent.category.LAUNCHER] flg=0x10200000 cmp=com.manish.hellojni/.HelloMainActivity} from pid 1680
D/gralloc ( 1124): Registering a buffer in the process that created it. This may cause memory ordering problems.
E/libEGL  ( 1124): called unimplemented OpenGL ES API
E/libEGL  ( 1124): called unimplemented OpenGL ES API
E/libEGL  ( 1124): called unimplemented OpenGL ES API
E/libEGL  ( 1124): called unimplemented OpenGL ES API
E/SurfaceFlinger( 1124): glCheckFramebufferStatusOES error 1126583957
E/SurfaceFlinger( 1124): got GL_FRAMEBUFFER_COMPLETE_OES error while taking screenshot
E/libEGL  ( 1124): called unimplemented OpenGL ES API
E/libEGL  ( 1124): called unimplemented OpenGL ES API
W/WindowManager( 1551): Screenshot failure taking screenshot for (328x546) to layer 21005
D/dalvikvm( 2198): Not late-enabling CheckJNI (already on)
I/ActivityManager( 1551): Start proc com.manish.hellojni for activity com.manish.hellojni/.HelloMainActivity: pid=2198 uid=10053 gids={50053}
E/jdwp    ( 2198): Failed sending reply to debugger: Broken pipe
D/dalvikvm( 2198): Debugger has detached; object registry had 1 entries
D/gralloc_ranchu( 2198): Emulator without host-side GPU emulation detected.
I/ActivityManager( 1551): Displayed com.manish.hellojni/.HelloMainActivity: +977ms
D/dalvikvm( 2198): Trying to load lib /data/app-lib/com.manish.hellojni-1/libhellojni.so 0xb103d640
D/dalvikvm( 2198): Added shared lib /data/app-lib/com.manish.hellojni-1/libhellojni.so 0xb103d640
D/dalvikvm( 2198): No JNI_OnLoad found in /data/app-lib/com.manish.hellojni-1/libhellojni.so 0xb103d640, skipping init
W/dalvikvm( 2198): No implementation found for native Lcom/manish/hellojni/HelloMainActivity;.print:()Ljava/lang/String;
D/AndroidRuntime( 2198): Shutting down VM
W/dalvikvm( 2198): threadid=1: thread exiting with uncaught exception (group=0xb0d63b20)
E/SoundPool( 1551): error loading /system/media/audio/ui/Effect_Tick.ogg
W/AudioService( 1551): Soundpool could not load file: /system/media/audio/ui/Effect_Tick.ogg
E/SoundPool( 1551): error loading /system/media/audio/ui/Effect_Tick.ogg
W/AudioService( 1551): Soundpool could not load file: /system/media/audio/ui/Effect_Tick.ogg
E/SoundPool( 1551): error loading /system/media/audio/ui/Effect_Tick.ogg
W/AudioService( 1551): Soundpool could not load file: /system/media/audio/ui/Effect_Tick.ogg
E/SoundPool( 1551): error loading /system/media/audio/ui/Effect_Tick.ogg
W/AudioService( 1551): Soundpool could not load file: /system/media/audio/ui/Effect_Tick.ogg
E/SoundPool( 1551): error loading /system/media/audio/ui/Effect_Tick.ogg
W/AudioService( 1551): Soundpool could not load file: /system/media/audio/ui/Effect_Tick.ogg
E/SoundPool( 1551): error loading /system/media/audio/ui/KeypressStandard.ogg
W/AudioService( 1551): Soundpool could not load file: /system/media/audio/ui/KeypressStandard.ogg
E/SoundPool( 1551): error loading /system/media/audio/ui/KeypressSpacebar.ogg
W/AudioService( 1551): Soundpool could not load file: /system/media/audio/ui/KeypressSpacebar.ogg
E/SoundPool( 1551): error loading /system/media/audio/ui/KeypressDelete.ogg
W/AudioService( 1551): Soundpool could not load file: /system/media/audio/ui/KeypressDelete.ogg
E/SoundPool( 1551): error loading /system/media/audio/ui/KeypressReturn.ogg
W/AudioService( 1551): Soundpool could not load file: /system/media/audio/ui/KeypressReturn.ogg
E/SoundPool( 1551): error loading /system/media/audio/ui/KeypressInvalid.ogg
W/AudioService( 1551): Soundpool could not load file: /system/media/audio/ui/KeypressInvalid.ogg
W/AudioService( 1551): onLoadSoundEffects(), Error -1 while loading samples
D/gralloc ( 1124): Registering a buffer in the process that created it. This may cause memory ordering problems.
E/libEGL  ( 1124): called unimplemented OpenGL ES API
E/libEGL  ( 1124): called unimplemented OpenGL ES API
E/libEGL  ( 1124): called unimplemented OpenGL ES API
E/libEGL  ( 1124): called unimplemented OpenGL ES API
E/SurfaceFlinger( 1124): glCheckFramebufferStatusOES error 1126583957
E/SurfaceFlinger( 1124): got GL_FRAMEBUFFER_COMPLETE_OES error while taking screenshot
E/libEGL  ( 1124): called unimplemented OpenGL ES API
E/libEGL  ( 1124): called unimplemented OpenGL ES API
E/AndroidRuntime( 2198): FATAL EXCEPTION: main
E/AndroidRuntime( 2198): Process: com.manish.hellojni, PID: 2198
E/AndroidRuntime( 2198): java.lang.UnsatisfiedLinkError: Native method not found: com.manish.hellojni.HelloMainActivity.print:()Ljava/lang/String;
E/AndroidRuntime( 2198): 	at com.manish.hellojni.HelloMainActivity.print(Native Method)
E/AndroidRuntime( 2198): 	at com.manish.hellojni.HelloMainActivity.access$0(HelloMainActivity.java:16)
E/AndroidRuntime( 2198): 	at com.manish.hellojni.HelloMainActivity$1.onClick(HelloMainActivity.java:43)
E/AndroidRuntime( 2198): 	at android.view.View.performClick(View.java:4438)
E/AndroidRuntime( 2198): 	at android.view.View$PerformClick.run(View.java:18422)
E/AndroidRuntime( 2198): 	at android.os.Handler.handleCallback(Handler.java:733)
E/AndroidRuntime( 2198): 	at android.os.Handler.dispatchMessage(Handler.java:95)
E/AndroidRuntime( 2198): 	at android.os.Looper.loop(Looper.java:136)
E/AndroidRuntime( 2198): 	at android.app.ActivityThread.main(ActivityThread.java:5017)
E/AndroidRuntime( 2198): 	at java.lang.reflect.Method.invokeNative(Native Method)
E/AndroidRuntime( 2198): 	at java.lang.reflect.Method.invoke(Method.java:515)
E/AndroidRuntime( 2198): 	at com.android.internal.os.ZygoteInit$MethodAndArgsCaller.run(ZygoteInit.java:779)
E/AndroidRuntime( 2198): 	at com.android.internal.os.ZygoteInit.main(ZygoteInit.java:595)
E/AndroidRuntime( 2198): 	at dalvik.system.NativeStart.main(Native Method)
W/ActivityManager( 1551):   Force finishing activity com.manish.hellojni/.HelloMainActivity
W/WindowManager( 1551): Screenshot failure taking screenshot for (328x546) to layer 21010
W/ActivityManager( 1551): Activity pause timeout for ActivityRecord{b12361d8 u0 com.manish.hellojni/.HelloMainActivity t6 f}
I/Process ( 2198): Sending signal. PID: 2198 SIG: 9
E/SoundPool( 1551): error loading /system/media/audio/ui/Effect_Tick.ogg
W/AudioService( 1551): Soundpool could not load file: /system/media/audio/ui/Effect_Tick.ogg
E/SoundPool( 1551): error loading /system/media/audio/ui/Effect_Tick.ogg
W/AudioService( 1551): Soundpool could not load file: /system/media/audio/ui/Effect_Tick.ogg
E/SoundPool( 1551): error loading /system/media/audio/ui/Effect_Tick.ogg
W/AudioService( 1551): Soundpool could not load file: /system/media/audio/ui/Effect_Tick.ogg
E/SoundPool( 1551): error loading /system/media/audio/ui/Effect_Tick.ogg
W/AudioService( 1551): Soundpool could not load file: /system/media/audio/ui/Effect_Tick.ogg
E/SoundPool( 1551): error loading /system/media/audio/ui/Effect_Tick.ogg
W/AudioService( 1551): Soundpool could not load file: /system/media/audio/ui/Effect_Tick.ogg
E/SoundPool( 1551): error loading /system/media/audio/ui/KeypressStandard.ogg
W/AudioService( 1551): Soundpool could not load file: /system/media/audio/ui/KeypressStandard.ogg
E/SoundPool( 1551): error loading /system/media/audio/ui/KeypressSpacebar.ogg
W/AudioService( 1551): Soundpool could not load file: /system/media/audio/ui/KeypressSpacebar.ogg
E/SoundPool( 1551): error loading /system/media/audio/ui/KeypressDelete.ogg
W/AudioService( 1551): Soundpool could not load file: /system/media/audio/ui/KeypressDelete.ogg
E/SoundPool( 1551): error loading /system/media/audio/ui/KeypressReturn.ogg
W/AudioService( 1551): Soundpool could not load file: /system/media/audio/ui/KeypressReturn.ogg
E/SoundPool( 1551): error loading /system/media/audio/ui/KeypressInvalid.ogg
W/AudioService( 1551): Soundpool could not load file: /system/media/audio/ui/KeypressInvalid.ogg
W/AudioService( 1551): onLoadSoundEffects(), Error -1 while loading samples
W/InputDispatcher( 1551): channel 'b158b1c0 com.manish.hellojni/com.manish.hellojni.HelloMainActivity (server)' ~ Consumer closed input channel or an error occurred.  events=0xd
E/InputDispatcher( 1551): channel 'b158b1c0 com.manish.hellojni/com.manish.hellojni.HelloMainActivity (server)' ~ Channel is unrecoverably broken and will be disposed!
I/ActivityManager( 1551): Process com.manish.hellojni (pid 2198) has died.
I/Choreographer( 1551): Skipped 31 frames!  The application may be doing too much work on its main thread.
W/InputDispatcher( 1551): Attempted to unregister already unregistered input channel 'b158b1c0 com.manish.hellojni/com.manish.hellojni.HelloMainActivity (server)'
I/WindowState( 1551): WIN DEATH: Window{b158b1c0 u0 com.manish.hellojni/com.manish.hellojni.HelloMainActivity}
I/Choreographer( 1551): Skipped 223 frames!  The application may be doing too much work on its main thread.
W/Binder  ( 1637): Caught a RuntimeException from the binder stub implementation.
W/Binder  ( 1637): java.lang.NullPointerException
W/Binder  ( 1637): 	at android.inputmethodservice.IInputMethodWrapper.setSessionEnabled(IInputMethodWrapper.java:280)
W/Binder  ( 1637): 	at com.android.internal.view.IInputMethod$Stub.onTransact(IInputMethod.java:129)
W/Binder  ( 1637): 	at android.os.Binder.execTransact(Binder.java:404)
W/Binder  ( 1637): 	at dalvik.system.NativeStart.run(Native Method)
W/InputMethodManagerService( 1551): Got RemoteException sending setActive(false) notification to pid 2198 uid 10053
